WARN[0001] Request Failed                                error="Get \"http://localhost:5000/api/v1/redirect/85e821ba-f5bf-4f60-9f40-0e1a7661326b\": dial tcp 127.0.0.1:5000: connectex: No connection could be made because the target machine actively refused it."
WARN[0001] Request Failed                                error="Get \"http://localhost:5000/api/v1/redirect/85e821ba-f5bf-4f60-9f40-0e1a7661326b\": dial tcp 127.0.0.1:5000: connectex: No connection could be made because the target machine actively refused it."
WARN[0001] Request Failed                                error="Get \"http://localhost:5000/api/v1/redirect/85e821ba-f5bf-4f60-9f40-0e1a7661326b\": dial tcp 127.0.0.1:5000: connectex: No connection could be made because the target machine actively refused it."
WARN[0001] Request Failed                                error="Get \"http://localhost:5000/api/v1/redirect/85e821ba-f5bf-4f60-9f40-0e1a7661326b\": dial tcp 127.0.0.1:5000: connectex: No connection could be made because the target machine actively refused it."
WARN[0001] Request Failed                                error="Get \"http://localhost:5000/api/v1/redirect/85e821ba-f5bf-4f60-9f40-0e1a7661326b\": dial tcp 127.0.0.1:5000: connectex: No connection could be made because the target machine actively refused it."
WARN[0001] Request Failed                                error="Get \"http://localhost:5000/api/v1/redirect/85e821ba-f5bf-4f60-9f40-0e1a7661326b\": dial tcp 127.0.0.1:5000: connectex: No connection could be made because the target machine actively refused it."
WARN[0001] Request Failed                                error="Get \"http://localhost:5000/api/v1/redirect/85e821ba-f5bf-4f60-9f40-0e1a7661326b\": dial tcp 127.0.0.1:5000: connectex: No connection could be made because the target machine actively refused it."
WARN[0001] Request Failed                                error="Get \"http://localhost:5000/api/v1/redirect/85e821ba-f5bf-4f60-9f40-0e1a7661326b\": dial tcp 127.0.0.1:5000: connectex: No connection could be made because the target machine actively refused it."
WARN[0001] Request Failed                                error="Get \"http://localhost:5000/api/v1/redirect/85e821ba-f5bf-4f60-9f40-0e1a7661326b\": dial tcp 127.0.0.1:5000: connectex: No connection could be made because the target machine actively refused it."
WARN[0001] Request Failed                                error="Get \"http://localhost:5000/api/v1/redirect/85e821ba-f5bf-4f60-9f40-0e1a7661326b\": dial tcp 127.0.0.1:5000: connectex: No connection could be made because the target machine actively refused it."
WARN[0001] Request Failed                                error="Get \"http://localhost:5000/api/v1/redirect/85e821ba-f5bf-4f60-9f40-0e1a7661326b\": dial tcp 127.0.0.1:5000: connectex: No connection could be made because the target machine actively refused it."
WARN[0001] Request Failed                                error="Get \"http://localhost:5000/api/v1/redirect/85e821ba-f5bf-4f60-9f40-0e1a7661326b\": dial tcp 127.0.0.1:5000: connectex: No connection could be made because the target machine actively refused it."
WARN[0001] Request Failed                                error="Get \"http://localhost:5000/api/v1/redirect/85e821ba-f5bf-4f60-9f40-0e1a7661326b\": dial tcp 127.0.0.1:5000: connectex: No connection could be made because the target machine actively refused it."
WARN[0001] Request Failed                                error="Get \"http://localhost:5000/api/v1/redirect/85e821ba-f5bf-4f60-9f40-0e1a7661326b\": dial tcp 127.0.0.1:5000: connectex: No connection could be made because the target machine actively refused it."
WARN[0001] Request Failed                                error="Get \"http://localhost:5000/api/v1/redirect/85e821ba-f5bf-4f60-9f40-0e1a7661326b\": dial tcp 127.0.0.1:5000: connectex: No connection could be made because the target machine actively refused it."
WARN[0001] Request Failed                                error="Get \"http://localhost:5000/api/v1/redirect/85e821ba-f5bf-4f60-9f40-0e1a7661326b\": dial tcp 127.0.0.1:5000: connectex: No connection could be made because the target machine actively refused it."
WARN[0001] Request Failed                                error="Get \"http://localhost:5000/api/v1/redirect/85e821ba-f5bf-4f60-9f40-0e1a7661326b\": dial tcp 127.0.0.1:5000: connectex: No connection could be made because the target machine actively refused it."
WARN[0001] Request Failed                                error="Get \"http://localhost:5000/api/v1/redirect/85e821ba-f5bf-4f60-9f40-0e1a7661326b\": dial tcp 127.0.0.1:5000: connectex: No connection could be made because the target machine actively refused it."
WARN[0001] Request Failed                                error="Get \"http://localhost:5000/api/v1/redirect/85e821ba-f5bf-4f60-9f40-0e1a7661326b\": dial tcp 127.0.0.1:5000: connectex: No connection could be made because the target machine actively refused it."
WARN[0001] Request Failed                                error="Get \"http://localhost:5000/api/v1/redirect/85e821ba-f5bf-4f60-9f40-0e1a7661326b\": dial tcp 127.0.0.1:5000: connectex: No connection could be made because the target machine actively refused it."
WARN[0001] Request Failed                                error="Get \"http://localhost:5000/api/v1/redirect/85e821ba-f5bf-4f60-9f40-0e1a7661326b\": dial tcp 127.0.0.1:5000: connectex: No connection could be made because the target machine actively refused it."
WARN[0001] Request Failed                                error="Get \"http://localhost:5000/api/v1/redirect/85e821ba-f5bf-4f60-9f40-0e1a7661326b\": dial tcp 127.0.0.1:5000: connectex: No connection could be made because the target machine actively refused it."
WARN[0001] Request Failed                                error="Get \"http://localhost:5000/api/v1/redirect/85e821ba-f5bf-4f60-9f40-0e1a7661326b\": dial tcp 127.0.0.1:5000: connectex: No connection could be made because the target machine actively refused it."
WARN[0001] Request Failed                                error="Get \"http://localhost:5000/api/v1/redirect/85e821ba-f5bf-4f60-9f40-0e1a7661326b\": dial tcp 127.0.0.1:5000: connectex: No connection could be made because the target machine actively refused it."
WARN[0001] Request Failed                                error="Get \"http://localhost:5000/api/v1/redirect/85e821ba-f5bf-4f60-9f40-0e1a7661326b\": dial tcp 127.0.0.1:5000: connectex: No connection could be made because the target machine actively refused it."
WARN[0001] Request Failed                                error="Get \"http://localhost:5000/api/v1/redirect/85e821ba-f5bf-4f60-9f40-0e1a7661326b\": dial tcp 127.0.0.1:5000: connectex: No connection could be made because the target machine actively refused it."
WARN[0001] Request Failed                                error="Get \"http://localhost:5000/api/v1/redirect/85e821ba-f5bf-4f60-9f40-0e1a7661326b\": dial tcp 127.0.0.1:5000: connectex: No connection could be made because the target machine actively refused it."
WARN[0001] Request Failed                                error="Get \"http://localhost:5000/api/v1/redirect/85e821ba-f5bf-4f60-9f40-0e1a7661326b\": dial tcp 127.0.0.1:5000: connectex: No connection could be made because the target machine actively refused it."
WARN[0001] Request Failed                                error="Get \"http://localhost:5000/api/v1/redirect/85e821ba-f5bf-4f60-9f40-0e1a7661326b\": dial tcp 127.0.0.1:5000: connectex: No connection could be made because the target machine actively refused it."
WARN[0001] Request Failed                                error="Get \"http://localhost:5000/api/v1/redirect/85e821ba-f5bf-4f60-9f40-0e1a7661326b\": dial tcp 127.0.0.1:5000: connectex: No connection could be made because the target machine actively refused it."
WARN[0001] Request Failed                                error="Get \"http://localhost:5000/api/v1/redirect/85e821ba-f5bf-4f60-9f40-0e1a7661326b\": dial tcp 127.0.0.1:5000: connectex: No connection could be made because the target machine actively refused it."
WARN[0001] Request Failed                                error="Get \"http://localhost:5000/api/v1/redirect/85e821ba-f5bf-4f60-9f40-0e1a7661326b\": dial tcp 127.0.0.1:5000: connectex: No connection could be made because the target machine actively refused it."
WARN[0001] Request Failed                                error="Get \"http://localhost:5000/api/v1/redirect/85e821ba-f5bf-4f60-9f40-0e1a7661326b\": dial tcp 127.0.0.1:5000: connectex: No connection could be made because the target machine actively refused it."
WARN[0001] Request Failed                                error="Get \"http://localhost:5000/api/v1/redirect/85e821ba-f5bf-4f60-9f40-0e1a7661326b\": dial tcp 127.0.0.1:5000: connectex: No connection could be made because the target machine actively refused it."
WARN[0001] Request Failed                                error="Get \"http://localhost:5000/api/v1/redirect/85e821ba-f5bf-4f60-9f40-0e1a7661326b\": dial tcp 127.0.0.1:5000: connectex: No connection could be made because the target machine actively refused it."
WARN[0001] Request Failed                                error="Get \"http://localhost:5000/api/v1/redirect/85e821ba-f5bf-4f60-9f40-0e1a7661326b\": dial tcp 127.0.0.1:5000: connectex: No connection could be made because the target machine actively refused it."
WARN[0001] Request Failed                                error="Get \"http://localhost:5000/api/v1/redirect/85e821ba-f5bf-4f60-9f40-0e1a7661326b\": dial tcp 127.0.0.1:5000: connectex: No connection could be made because the target machine actively refused it."
WARN[0001] Request Failed                                error="Get \"http://localhost:5000/api/v1/redirect/85e821ba-f5bf-4f60-9f40-0e1a7661326b\": dial tcp 127.0.0.1:5000: connectex: No connection could be made because the target machine actively refused it."
WARN[0001] Request Failed                                error="Get \"http://localhost:5000/api/v1/redirect/85e821ba-f5bf-4f60-9f40-0e1a7661326b\": dial tcp 127.0.0.1:5000: connectex: No connection could be made because the target machine actively refused it."
WARN[0001] Request Failed                                error="Get \"http://localhost:5000/api/v1/redirect/85e821ba-f5bf-4f60-9f40-0e1a7661326b\": dial tcp 127.0.0.1:5000: connectex: No connection could be made because the target machine actively refused it."
WARN[0001] Request Failed                                error="Get \"http://localhost:5000/api/v1/redirect/85e821ba-f5bf-4f60-9f40-0e1a7661326b\": dial tcp 127.0.0.1:5000: connectex: No connection could be made because the target machine actively refused it."
WARN[0001] Request Failed                                error="Get \"http://localhost:5000/api/v1/redirect/85e821ba-f5bf-4f60-9f40-0e1a7661326b\": dial tcp 127.0.0.1:5000: connectex: No connection could be made because the target machine actively refused it."
WARN[0001] Request Failed                                error="Get \"http://localhost:5000/api/v1/redirect/85e821ba-f5bf-4f60-9f40-0e1a7661326b\": dial tcp 127.0.0.1:5000: connectex: No connection could be made because the target machine actively refused it."
WARN[0001] Request Failed                                error="Get \"http://localhost:5000/api/v1/redirect/85e821ba-f5bf-4f60-9f40-0e1a7661326b\": dial tcp 127.0.0.1:5000: connectex: No connection could be made because the target machine actively refused it."
WARN[0001] Request Failed                                error="Get \"http://localhost:5000/api/v1/redirect/85e821ba-f5bf-4f60-9f40-0e1a7661326b\": dial tcp 127.0.0.1:5000: connectex: No connection could be made because the target machine actively refused it."
WARN[0001] Request Failed                                error="Get \"http://localhost:5000/api/v1/redirect/85e821ba-f5bf-4f60-9f40-0e1a7661326b\": dial tcp 127.0.0.1:5000: connectex: No connection could be made because the target machine actively refused it."
WARN[0001] Request Failed                                error="Get \"http://localhost:5000/api/v1/redirect/85e821ba-f5bf-4f60-9f40-0e1a7661326b\": dial tcp 127.0.0.1:5000: connectex: No connection could be made because the target machine actively refused it."
WARN[0001] Request Failed                                error="Get \"http://localhost:5000/api/v1/redirect/85e821ba-f5bf-4f60-9f40-0e1a7661326b\": dial tcp 127.0.0.1:5000: connectex: No connection could be made because the target machine actively refused it."
WARN[0001] Request Failed                                error="Get \"http://localhost:5000/api/v1/redirect/85e821ba-f5bf-4f60-9f40-0e1a7661326b\": dial tcp 127.0.0.1:5000: connectex: No connection could be made because the target machine actively refused it."
WARN[0001] Request Failed                                error="Get \"http://localhost:5000/api/v1/redirect/85e821ba-f5bf-4f60-9f40-0e1a7661326b\": dial tcp 127.0.0.1:5000: connectex: No connection could be made because the target machine actively refused it."
WARN[0001] Request Failed                                error="Get \"http://localhost:5000/api/v1/redirect/85e821ba-f5bf-4f60-9f40-0e1a7661326b\": dial tcp 127.0.0.1:5000: connectex: No connection could be made because the target machine actively refused it."
WARN[0001] Request Failed                                error="Get \"http://localhost:5000/api/v1/redirect/85e821ba-f5bf-4f60-9f40-0e1a7661326b\": dial tcp 127.0.0.1:5000: connectex: No connection could be made because the target machine actively refused it."
WARN[0001] Request Failed                                error="Get \"http://localhost:5000/api/v1/redirect/85e821ba-f5bf-4f60-9f40-0e1a7661326b\": dial tcp 127.0.0.1:5000: connectex: No connection could be made because the target machine actively refused it."
WARN[0001] Request Failed                                error="Get \"http://localhost:5000/api/v1/redirect/85e821ba-f5bf-4f60-9f40-0e1a7661326b\": dial tcp 127.0.0.1:5000: connectex: No connection could be made because the target machine actively refused it."
WARN[0001] Request Failed                                error="Get \"http://localhost:5000/api/v1/redirect/85e821ba-f5bf-4f60-9f40-0e1a7661326b\": dial tcp 127.0.0.1:5000: connectex: No connection could be made because the target machine actively refused it."
WARN[0001] Request Failed                                error="Get \"http://localhost:5000/api/v1/redirect/85e821ba-f5bf-4f60-9f40-0e1a7661326b\": dial tcp 127.0.0.1:5000: connectex: No connection could be made because the target machine actively refused it."
WARN[0001] Request Failed                                error="Get \"http://localhost:5000/api/v1/redirect/85e821ba-f5bf-4f60-9f40-0e1a7661326b\": dial tcp 127.0.0.1:5000: connectex: No connection could be made because the target machine actively refused it."
WARN[0001] Request Failed                                error="Get \"http://localhost:5000/api/v1/redirect/85e821ba-f5bf-4f60-9f40-0e1a7661326b\": dial tcp 127.0.0.1:5000: connectex: No connection could be made because the target machine actively refused it."
WARN[0001] Request Failed                                error="Get \"http://localhost:5000/api/v1/redirect/85e821ba-f5bf-4f60-9f40-0e1a7661326b\": dial tcp 127.0.0.1:5000: connectex: No connection could be made because the target machine actively refused it."
WARN[0001] Request Failed                                error="Get \"http://localhost:5000/api/v1/redirect/85e821ba-f5bf-4f60-9f40-0e1a7661326b\": dial tcp 127.0.0.1:5000: connectex: No connection could be made because the target machine actively refused it."
WARN[0001] Request Failed                                error="Get \"http://localhost:5000/api/v1/redirect/85e821ba-f5bf-4f60-9f40-0e1a7661326b\": dial tcp 127.0.0.1:5000: connectex: No connection could be made because the target machine actively refused it."
WARN[0001] Request Failed                                error="Get \"http://localhost:5000/api/v1/redirect/85e821ba-f5bf-4f60-9f40-0e1a7661326b\": dial tcp 127.0.0.1:5000: connectex: No connection could be made because the target machine actively refused it."
WARN[0001] Request Failed                                error="Get \"http://localhost:5000/api/v1/redirect/85e821ba-f5bf-4f60-9f40-0e1a7661326b\": dial tcp 127.0.0.1:5000: connectex: No connection could be made because the target machine actively refused it."
WARN[0001] Request Failed                                error="Get \"http://localhost:5000/api/v1/redirect/85e821ba-f5bf-4f60-9f40-0e1a7661326b\": dial tcp 127.0.0.1:5000: connectex: No connection could be made because the target machine actively refused it."
WARN[0001] Request Failed                                error="Get \"http://localhost:5000/api/v1/redirect/85e821ba-f5bf-4f60-9f40-0e1a7661326b\": dial tcp 127.0.0.1:5000: connectex: No connection could be made because the target machine actively refused it."
WARN[0001] Request Failed                                error="Get \"http://localhost:5000/api/v1/redirect/85e821ba-f5bf-4f60-9f40-0e1a7661326b\": dial tcp 127.0.0.1:5000: connectex: No connection could be made because the target machine actively refused it."
WARN[0001] Request Failed                                error="Get \"http://localhost:5000/api/v1/redirect/85e821ba-f5bf-4f60-9f40-0e1a7661326b\": dial tcp 127.0.0.1:5000: connectex: No connection could be made because the target machine actively refused it."
WARN[0001] Request Failed                                error="Get \"http://localhost:5000/api/v1/redirect/85e821ba-f5bf-4f60-9f40-0e1a7661326b\": dial tcp 127.0.0.1:5000: connectex: No connection could be made because the target machine actively refused it."
WARN[0001] Request Failed                                error="Get \"http://localhost:5000/api/v1/redirect/85e821ba-f5bf-4f60-9f40-0e1a7661326b\": dial tcp 127.0.0.1:5000: connectex: No connection could be made because the target machine actively refused it."
WARN[0001] Request Failed                                error="Get \"http://localhost:5000/api/v1/redirect/85e821ba-f5bf-4f60-9f40-0e1a7661326b\": dial tcp 127.0.0.1:5000: connectex: No connection could be made because the target machine actively refused it."
WARN[0001] Request Failed                                error="Get \"http://localhost:5000/api/v1/redirect/85e821ba-f5bf-4f60-9f40-0e1a7661326b\": dial tcp 127.0.0.1:5000: connectex: No connection could be made because the target machine actively refused it."
WARN[0001] Request Failed                                error="Get \"http://localhost:5000/api/v1/redirect/85e821ba-f5bf-4f60-9f40-0e1a7661326b\": dial tcp 127.0.0.1:5000: connectex: No connection could be made because the target machine actively refused it."
WARN[0001] Request Failed                                error="Get \"http://localhost:5000/api/v1/redirect/85e821ba-f5bf-4f60-9f40-0e1a7661326b\": dial tcp 127.0.0.1:5000: connectex: No connection could be made because the target machine actively refused it."
WARN[0001] Request Failed                                error="Get \"http://localhost:5000/api/v1/redirect/85e821ba-f5bf-4f60-9f40-0e1a7661326b\": dial tcp 127.0.0.1:5000: connectex: No connection could be made because the target machine actively refused it."
WARN[0001] Request Failed                                error="Get \"http://localhost:5000/api/v1/redirect/85e821ba-f5bf-4f60-9f40-0e1a7661326b\": dial tcp 127.0.0.1:5000: connectex: No connection could be made because the target machine actively refused it."
WARN[0001] Request Failed                                error="Get \"http://localhost:5000/api/v1/redirect/85e821ba-f5bf-4f60-9f40-0e1a7661326b\": dial tcp 127.0.0.1:5000: connectex: No connection could be made because the target machine actively refused it."
WARN[0001] Request Failed                                error="Get \"http://localhost:5000/api/v1/redirect/85e821ba-f5bf-4f60-9f40-0e1a7661326b\": dial tcp 127.0.0.1:5000: connectex: No connection could be made because the target machine actively refused it."
WARN[0001] Request Failed                                error="Get \"http://localhost:5000/api/v1/redirect/85e821ba-f5bf-4f60-9f40-0e1a7661326b\": dial tcp 127.0.0.1:5000: connectex: No connection could be made because the target machine actively refused it."
WARN[0001] Request Failed                                error="Get \"http://localhost:5000/api/v1/redirect/85e821ba-f5bf-4f60-9f40-0e1a7661326b\": dial tcp 127.0.0.1:5000: connectex: No connection could be made because the target machine actively refused it."
WARN[0001] Request Failed                                error="Get \"http://localhost:5000/api/v1/redirect/85e821ba-f5bf-4f60-9f40-0e1a7661326b\": dial tcp 127.0.0.1:5000: connectex: No connection could be made because the target machine actively refused it."
WARN[0001] Request Failed                                error="Get \"http://localhost:5000/api/v1/redirect/85e821ba-f5bf-4f60-9f40-0e1a7661326b\": dial tcp 127.0.0.1:5000: connectex: No connection could be made because the target machine actively refused it."
WARN[0001] Request Failed                                error="Get \"http://localhost:5000/api/v1/redirect/85e821ba-f5bf-4f60-9f40-0e1a7661326b\": dial tcp 127.0.0.1:5000: connectex: No connection could be made because the target machine actively refused it."
WARN[0001] Request Failed                                error="Get \"http://localhost:5000/api/v1/redirect/85e821ba-f5bf-4f60-9f40-0e1a7661326b\": dial tcp 127.0.0.1:5000: connectex: No connection could be made because the target machine actively refused it."
WARN[0001] Request Failed                                error="Get \"http://localhost:5000/api/v1/redirect/85e821ba-f5bf-4f60-9f40-0e1a7661326b\": dial tcp 127.0.0.1:5000: connectex: No connection could be made because the target machine actively refused it."
WARN[0001] Request Failed                                error="Get \"http://localhost:5000/api/v1/redirect/85e821ba-f5bf-4f60-9f40-0e1a7661326b\": dial tcp 127.0.0.1:5000: connectex: No connection could be made because the target machine actively refused it."
WARN[0001] Request Failed                                error="Get \"http://localhost:5000/api/v1/redirect/85e821ba-f5bf-4f60-9f40-0e1a7661326b\": dial tcp 127.0.0.1:5000: connectex: No connection could be made because the target machine actively refused it."
WARN[0001] Request Failed                                error="Get \"http://localhost:5000/api/v1/redirect/85e821ba-f5bf-4f60-9f40-0e1a7661326b\": dial tcp 127.0.0.1:5000: connectex: No connection could be made because the target machine actively refused it."
WARN[0001] Request Failed                                error="Get \"http://localhost:5000/api/v1/redirect/85e821ba-f5bf-4f60-9f40-0e1a7661326b\": dial tcp 127.0.0.1:5000: connectex: No connection could be made because the target machine actively refused it."
WARN[0001] Request Failed                                error="Get \"http://localhost:5000/api/v1/redirect/85e821ba-f5bf-4f60-9f40-0e1a7661326b\": dial tcp 127.0.0.1:5000: connectex: No connection could be made because the target machine actively refused it."
WARN[0001] Request Failed                                error="Get \"http://localhost:5000/api/v1/redirect/85e821ba-f5bf-4f60-9f40-0e1a7661326b\": dial tcp 127.0.0.1:5000: connectex: No connection could be made because the target machine actively refused it."
WARN[0001] Request Failed                                error="Get \"http://localhost:5000/api/v1/redirect/85e821ba-f5bf-4f60-9f40-0e1a7661326b\": dial tcp 127.0.0.1:5000: connectex: No connection could be made because the target machine actively refused it."
WARN[0001] Request Failed                                error="Get \"http://localhost:5000/api/v1/redirect/85e821ba-f5bf-4f60-9f40-0e1a7661326b\": dial tcp 127.0.0.1:5000: connectex: No connection could be made because the target machine actively refused it."
WARN[0001] Request Failed                                error="Get \"http://localhost:5000/api/v1/redirect/85e821ba-f5bf-4f60-9f40-0e1a7661326b\": dial tcp 127.0.0.1:5000: connectex: No connection could be made because the target machine actively refused it."
WARN[0001] Request Failed                                error="Get \"http://localhost:5000/api/v1/redirect/85e821ba-f5bf-4f60-9f40-0e1a7661326b\": dial tcp 127.0.0.1:5000: connectex: No connection could be made because the target machine actively refused it."
WARN[0001] Request Failed                                error="Get \"http://localhost:5000/api/v1/redirect/85e821ba-f5bf-4f60-9f40-0e1a7661326b\": dial tcp 127.0.0.1:5000: connectex: No connection could be made because the target machine actively refused it."
WARN[0001] Request Failed                                error="Get \"http://localhost:5000/api/v1/redirect/85e821ba-f5bf-4f60-9f40-0e1a7661326b\": dial tcp 127.0.0.1:5000: connectex: No connection could be made because the target machine actively refused it."
WARN[0001] Request Failed                                error="Get \"http://localhost:5000/api/v1/redirect/85e821ba-f5bf-4f60-9f40-0e1a7661326b\": dial tcp 127.0.0.1:5000: connectex: No connection could be made because the target machine actively refused it."
WARN[0001] Request Failed                                error="Get \"http://localhost:5000/api/v1/redirect/85e821ba-f5bf-4f60-9f40-0e1a7661326b\": dial tcp 127.0.0.1:5000: connectex: No connection could be made because the target machine actively refused it."
WARN[0001] Request Failed                                error="Get \"http://localhost:5000/api/v1/redirect/85e821ba-f5bf-4f60-9f40-0e1a7661326b\": dial tcp 127.0.0.1:5000: connectex: No connection could be made because the target machine actively refused it."
WARN[0001] Request Failed                                error="Get \"http://localhost:5000/api/v1/redirect/85e821ba-f5bf-4f60-9f40-0e1a7661326b\": dial tcp 127.0.0.1:5000: connectex: No connection could be made because the target machine actively refused it."
WARN[0001] Request Failed                                error="Get \"http://localhost:5000/api/v1/redirect/85e821ba-f5bf-4f60-9f40-0e1a7661326b\": dial tcp 127.0.0.1:5000: connectex: No connection could be made because the target machine actively refused it."
WARN[0001] Request Failed                                error="Get \"http://localhost:5000/api/v1/redirect/85e821ba-f5bf-4f60-9f40-0e1a7661326b\": dial tcp 127.0.0.1:5000: connectex: No connection could be made because the target machine actively refused it."
WARN[0001] Request Failed                                error="Get \"http://localhost:5000/api/v1/redirect/85e821ba-f5bf-4f60-9f40-0e1a7661326b\": dial tcp 127.0.0.1:5000: connectex: No connection could be made because the target machine actively refused it."
WARN[0001] Request Failed                                error="Get \"http://localhost:5000/api/v1/redirect/85e821ba-f5bf-4f60-9f40-0e1a7661326b\": dial tcp 127.0.0.1:5000: connectex: No connection could be made because the target machine actively refused it."
WARN[0001] Request Failed                                error="Get \"http://localhost:5000/api/v1/redirect/85e821ba-f5bf-4f60-9f40-0e1a7661326b\": dial tcp 127.0.0.1:5000: connectex: No connection could be made because the target machine actively refused it."
WARN[0001] Request Failed                                error="Get \"http://localhost:5000/api/v1/redirect/85e821ba-f5bf-4f60-9f40-0e1a7661326b\": dial tcp 127.0.0.1:5000: connectex: No connection could be made because the target machine actively refused it."
WARN[0001] Request Failed                                error="Get \"http://localhost:5000/api/v1/redirect/85e821ba-f5bf-4f60-9f40-0e1a7661326b\": dial tcp 127.0.0.1:5000: connectex: No connection could be made because the target machine actively refused it."
WARN[0001] Request Failed                                error="Get \"http://localhost:5000/api/v1/redirect/85e821ba-f5bf-4f60-9f40-0e1a7661326b\": dial tcp 127.0.0.1:5000: connectex: No connection could be made because the target machine actively refused it."
WARN[0001] Request Failed                                error="Get \"http://localhost:5000/api/v1/redirect/85e821ba-f5bf-4f60-9f40-0e1a7661326b\": dial tcp 127.0.0.1:5000: connectex: No connection could be made because the target machine actively refused it."
WARN[0001] Request Failed                                error="Get \"http://localhost:5000/api/v1/redirect/85e821ba-f5bf-4f60-9f40-0e1a7661326b\": dial tcp 127.0.0.1:5000: connectex: No connection could be made because the target machine actively refused it."
WARN[0001] Request Failed                                error="Get \"http://localhost:5000/api/v1/redirect/85e821ba-f5bf-4f60-9f40-0e1a7661326b\": dial tcp 127.0.0.1:5000: connectex: No connection could be made because the target machine actively refused it."
WARN[0001] Request Failed                                error="Get \"http://localhost:5000/api/v1/redirect/85e821ba-f5bf-4f60-9f40-0e1a7661326b\": dial tcp 127.0.0.1:5000: connectex: No connection could be made because the target machine actively refused it."
WARN[0001] Request Failed                                error="Get \"http://localhost:5000/api/v1/redirect/85e821ba-f5bf-4f60-9f40-0e1a7661326b\": dial tcp 127.0.0.1:5000: connectex: No connection could be made because the target machine actively refused it."
WARN[0001] Request Failed                                error="Get \"http://localhost:5000/api/v1/redirect/85e821ba-f5bf-4f60-9f40-0e1a7661326b\": dial tcp 127.0.0.1:5000: connectex: No connection could be made because the target machine actively refused it."
WARN[0001] Request Failed                                error="Get \"http://localhost:5000/api/v1/redirect/85e821ba-f5bf-4f60-9f40-0e1a7661326b\": dial tcp 127.0.0.1:5000: connectex: No connection could be made because the target machine actively refused it."
WARN[0001] Request Failed                                error="Get \"http://localhost:5000/api/v1/redirect/85e821ba-f5bf-4f60-9f40-0e1a7661326b\": dial tcp 127.0.0.1:5000: connectex: No connection could be made because the target machine actively refused it."
WARN[0001] Request Failed                                error="Get \"http://localhost:5000/api/v1/redirect/85e821ba-f5bf-4f60-9f40-0e1a7661326b\": dial tcp 127.0.0.1:5000: connectex: No connection could be made because the target machine actively refused it."
WARN[0001] Request Failed                                error="Get \"http://localhost:5000/api/v1/redirect/85e821ba-f5bf-4f60-9f40-0e1a7661326b\": dial tcp 127.0.0.1:5000: connectex: No connection could be made because the target machine actively refused it."
WARN[0001] Request Failed                                error="Get \"http://localhost:5000/api/v1/redirect/85e821ba-f5bf-4f60-9f40-0e1a7661326b\": dial tcp 127.0.0.1:5000: connectex: No connection could be made because the target machine actively refused it."
WARN[0001] Request Failed                                error="Get \"http://localhost:5000/api/v1/redirect/85e821ba-f5bf-4f60-9f40-0e1a7661326b\": dial tcp 127.0.0.1:5000: connectex: No connection could be made because the target machine actively refused it."
WARN[0001] Request Failed                                error="Get \"http://localhost:5000/api/v1/redirect/85e821ba-f5bf-4f60-9f40-0e1a7661326b\": dial tcp 127.0.0.1:5000: connectex: No connection could be made because the target machine actively refused it."
WARN[0001] Request Failed                                error="Get \"http://localhost:5000/api/v1/redirect/85e821ba-f5bf-4f60-9f40-0e1a7661326b\": dial tcp 127.0.0.1:5000: connectex: No connection could be made because the target machine actively refused it."
WARN[0001] Request Failed                                error="Get \"http://localhost:5000/api/v1/redirect/85e821ba-f5bf-4f60-9f40-0e1a7661326b\": dial tcp 127.0.0.1:5000: connectex: No connection could be made because the target machine actively refused it."
WARN[0001] Request Failed                                error="Get \"http://localhost:5000/api/v1/redirect/85e821ba-f5bf-4f60-9f40-0e1a7661326b\": dial tcp 127.0.0.1:5000: connectex: No connection could be made because the target machine actively refused it."
WARN[0001] Request Failed                                error="Get \"http://localhost:5000/api/v1/redirect/85e821ba-f5bf-4f60-9f40-0e1a7661326b\": dial tcp 127.0.0.1:5000: connectex: No connection could be made because the target machine actively refused it."
WARN[0001] Request Failed                                error="Get \"http://localhost:5000/api/v1/redirect/85e821ba-f5bf-4f60-9f40-0e1a7661326b\": dial tcp 127.0.0.1:5000: connectex: No connection could be made because the target machine actively refused it."
WARN[0001] Request Failed                                error="Get \"http://localhost:5000/api/v1/redirect/85e821ba-f5bf-4f60-9f40-0e1a7661326b\": dial tcp 127.0.0.1:5000: connectex: No connection could be made because the target machine actively refused it."
WARN[0001] Request Failed                                error="Get \"http://localhost:5000/api/v1/redirect/85e821ba-f5bf-4f60-9f40-0e1a7661326b\": dial tcp 127.0.0.1:5000: connectex: No connection could be made because the target machine actively refused it."
WARN[0001] Request Failed                                error="Get \"http://localhost:5000/api/v1/redirect/85e821ba-f5bf-4f60-9f40-0e1a7661326b\": dial tcp 127.0.0.1:5000: connectex: No connection could be made because the target machine actively refused it."
WARN[0001] Request Failed                                error="Get \"http://localhost:5000/api/v1/redirect/85e821ba-f5bf-4f60-9f40-0e1a7661326b\": dial tcp 127.0.0.1:5000: connectex: No connection could be made because the target machine actively refused it."
WARN[0001] Request Failed                                error="Get \"http://localhost:5000/api/v1/redirect/85e821ba-f5bf-4f60-9f40-0e1a7661326b\": dial tcp 127.0.0.1:5000: connectex: No connection could be made because the target machine actively refused it."
WARN[0001] Request Failed                                error="Get \"http://localhost:5000/api/v1/redirect/85e821ba-f5bf-4f60-9f40-0e1a7661326b\": dial tcp 127.0.0.1:5000: connectex: No connection could be made because the target machine actively refused it."
WARN[0001] Request Failed                                error="Get \"http://localhost:5000/api/v1/redirect/85e821ba-f5bf-4f60-9f40-0e1a7661326b\": dial tcp 127.0.0.1:5000: connectex: No connection could be made because the target machine actively refused it."
WARN[0001] Request Failed                                error="Get \"http://localhost:5000/api/v1/redirect/85e821ba-f5bf-4f60-9f40-0e1a7661326b\": dial tcp 127.0.0.1:5000: connectex: No connection could be made because the target machine actively refused it."
WARN[0001] Request Failed                                error="Get \"http://localhost:5000/api/v1/redirect/85e821ba-f5bf-4f60-9f40-0e1a7661326b\": dial tcp 127.0.0.1:5000: connectex: No connection could be made because the target machine actively refused it."
WARN[0001] Request Failed                                error="Get \"http://localhost:5000/api/v1/redirect/85e821ba-f5bf-4f60-9f40-0e1a7661326b\": dial tcp 127.0.0.1:5000: connectex: No connection could be made because the target machine actively refused it."
WARN[0001] Request Failed                                error="Get \"http://localhost:5000/api/v1/redirect/85e821ba-f5bf-4f60-9f40-0e1a7661326b\": dial tcp 127.0.0.1:5000: connectex: No connection could be made because the target machine actively refused it."
WARN[0001] Request Failed                                error="Get \"http://localhost:5000/api/v1/redirect/85e821ba-f5bf-4f60-9f40-0e1a7661326b\": dial tcp 127.0.0.1:5000: connectex: No connection could be made because the target machine actively refused it."
WARN[0001] Request Failed                                error="Get \"http://localhost:5000/api/v1/redirect/85e821ba-f5bf-4f60-9f40-0e1a7661326b\": dial tcp 127.0.0.1:5000: connectex: No connection could be made because the target machine actively refused it."
WARN[0001] Request Failed                                error="Get \"http://localhost:5000/api/v1/redirect/85e821ba-f5bf-4f60-9f40-0e1a7661326b\": dial tcp 127.0.0.1:5000: connectex: No connection could be made because the target machine actively refused it."
WARN[0001] Request Failed                                error="Get \"http://localhost:5000/api/v1/redirect/85e821ba-f5bf-4f60-9f40-0e1a7661326b\": dial tcp 127.0.0.1:5000: connectex: No connection could be made because the target machine actively refused it."
WARN[0001] Request Failed                                error="Get \"http://localhost:5000/api/v1/redirect/85e821ba-f5bf-4f60-9f40-0e1a7661326b\": dial tcp 127.0.0.1:5000: connectex: No connection could be made because the target machine actively refused it."
WARN[0001] Request Failed                                error="Get \"http://localhost:5000/api/v1/redirect/85e821ba-f5bf-4f60-9f40-0e1a7661326b\": dial tcp 127.0.0.1:5000: connectex: No connection could be made because the target machine actively refused it."
WARN[0001] Request Failed                                error="Get \"http://localhost:5000/api/v1/redirect/85e821ba-f5bf-4f60-9f40-0e1a7661326b\": dial tcp 127.0.0.1:5000: connectex: No connection could be made because the target machine actively refused it."
WARN[0001] Request Failed                                error="Get \"http://localhost:5000/api/v1/redirect/85e821ba-f5bf-4f60-9f40-0e1a7661326b\": dial tcp 127.0.0.1:5000: connectex: No connection could be made because the target machine actively refused it."
WARN[0001] Request Failed                                error="Get \"http://localhost:5000/api/v1/redirect/85e821ba-f5bf-4f60-9f40-0e1a7661326b\": dial tcp 127.0.0.1:5000: connectex: No connection could be made because the target machine actively refused it."
WARN[0001] Request Failed                                error="Get \"http://localhost:5000/api/v1/redirect/85e821ba-f5bf-4f60-9f40-0e1a7661326b\": dial tcp 127.0.0.1:5000: connectex: No connection could be made because the target machine actively refused it."
WARN[0001] Request Failed                                error="Get \"http://localhost:5000/api/v1/redirect/85e821ba-f5bf-4f60-9f40-0e1a7661326b\": dial tcp 127.0.0.1:5000: connectex: No connection could be made because the target machine actively refused it."
WARN[0001] Request Failed                                error="Get \"http://localhost:5000/api/v1/redirect/85e821ba-f5bf-4f60-9f40-0e1a7661326b\": dial tcp 127.0.0.1:5000: connectex: No connection could be made because the target machine actively refused it."
WARN[0001] Request Failed                                error="Get \"http://localhost:5000/api/v1/redirect/85e821ba-f5bf-4f60-9f40-0e1a7661326b\": dial tcp 127.0.0.1:5000: connectex: No connection could be made because the target machine actively refused it."
WARN[0001] Request Failed                                error="Get \"http://localhost:5000/api/v1/redirect/85e821ba-f5bf-4f60-9f40-0e1a7661326b\": dial tcp 127.0.0.1:5000: connectex: No connection could be made because the target machine actively refused it."
WARN[0001] Request Failed                                error="Get \"http://localhost:5000/api/v1/redirect/85e821ba-f5bf-4f60-9f40-0e1a7661326b\": dial tcp 127.0.0.1:5000: connectex: No connection could be made because the target machine actively refused it."
WARN[0001] Request Failed                                error="Get \"http://localhost:5000/api/v1/redirect/85e821ba-f5bf-4f60-9f40-0e1a7661326b\": dial tcp 127.0.0.1:5000: connectex: No connection could be made because the target machine actively refused it."
WARN[0001] Request Failed                                error="Get \"http://localhost:5000/api/v1/redirect/85e821ba-f5bf-4f60-9f40-0e1a7661326b\": dial tcp 127.0.0.1:5000: connectex: No connection could be made because the target machine actively refused it."
WARN[0001] Request Failed                                error="Get \"http://localhost:5000/api/v1/redirect/85e821ba-f5bf-4f60-9f40-0e1a7661326b\": dial tcp 127.0.0.1:5000: connectex: No connection could be made because the target machine actively refused it."
WARN[0001] Request Failed                                error="Get \"http://localhost:5000/api/v1/redirect/85e821ba-f5bf-4f60-9f40-0e1a7661326b\": dial tcp 127.0.0.1:5000: connectex: No connection could be made because the target machine actively refused it."
WARN[0001] Request Failed                                error="Get \"http://localhost:5000/api/v1/redirect/85e821ba-f5bf-4f60-9f40-0e1a7661326b\": dial tcp 127.0.0.1:5000: connectex: No connection could be made because the target machine actively refused it."
WARN[0001] Request Failed                                error="Get \"http://localhost:5000/api/v1/redirect/85e821ba-f5bf-4f60-9f40-0e1a7661326b\": dial tcp 127.0.0.1:5000: connectex: No connection could be made because the target machine actively refused it."
WARN[0001] Request Failed                                error="Get \"http://localhost:5000/api/v1/redirect/85e821ba-f5bf-4f60-9f40-0e1a7661326b\": dial tcp 127.0.0.1:5000: connectex: No connection could be made because the target machine actively refused it."
WARN[0001] Request Failed                                error="Get \"http://localhost:5000/api/v1/redirect/85e821ba-f5bf-4f60-9f40-0e1a7661326b\": dial tcp 127.0.0.1:5000: connectex: No connection could be made because the target machine actively refused it."
WARN[0001] Request Failed                                error="Get \"http://localhost:5000/api/v1/redirect/85e821ba-f5bf-4f60-9f40-0e1a7661326b\": dial tcp 127.0.0.1:5000: connectex: No connection could be made because the target machine actively refused it."
WARN[0001] Request Failed                                error="Get \"http://localhost:5000/api/v1/redirect/85e821ba-f5bf-4f60-9f40-0e1a7661326b\": dial tcp 127.0.0.1:5000: connectex: No connection could be made because the target machine actively refused it."
WARN[0001] Request Failed                                error="Get \"http://localhost:5000/api/v1/redirect/85e821ba-f5bf-4f60-9f40-0e1a7661326b\": dial tcp 127.0.0.1:5000: connectex: No connection could be made because the target machine actively refused it."
WARN[0001] Request Failed                                error="Get \"http://localhost:5000/api/v1/redirect/85e821ba-f5bf-4f60-9f40-0e1a7661326b\": dial tcp 127.0.0.1:5000: connectex: No connection could be made because the target machine actively refused it."
WARN[0001] Request Failed                                error="Get \"http://localhost:5000/api/v1/redirect/85e821ba-f5bf-4f60-9f40-0e1a7661326b\": dial tcp 127.0.0.1:5000: connectex: No connection could be made because the target machine actively refused it."
WARN[0001] Request Failed                                error="Get \"http://localhost:5000/api/v1/redirect/85e821ba-f5bf-4f60-9f40-0e1a7661326b\": dial tcp 127.0.0.1:5000: connectex: No connection could be made because the target machine actively refused it."
WARN[0001] Request Failed                                error="Get \"http://localhost:5000/api/v1/redirect/85e821ba-f5bf-4f60-9f40-0e1a7661326b\": dial tcp 127.0.0.1:5000: connectex: No connection could be made because the target machine actively refused it."
WARN[0001] Request Failed                                error="Get \"http://localhost:5000/api/v1/redirect/85e821ba-f5bf-4f60-9f40-0e1a7661326b\": dial tcp 127.0.0.1:5000: connectex: No connection could be made because the target machine actively refused it."
WARN[0001] Request Failed                                error="Get \"http://localhost:5000/api/v1/redirect/85e821ba-f5bf-4f60-9f40-0e1a7661326b\": dial tcp 127.0.0.1:5000: connectex: No connection could be made because the target machine actively refused it."
WARN[0001] Request Failed                                error="Get \"http://localhost:5000/api/v1/redirect/85e821ba-f5bf-4f60-9f40-0e1a7661326b\": dial tcp 127.0.0.1:5000: connectex: No connection could be made because the target machine actively refused it."
WARN[0001] Request Failed                                error="Get \"http://localhost:5000/api/v1/redirect/85e821ba-f5bf-4f60-9f40-0e1a7661326b\": dial tcp 127.0.0.1:5000: connectex: No connection could be made because the target machine actively refused it."
WARN[0001] Request Failed                                error="Get \"http://localhost:5000/api/v1/redirect/85e821ba-f5bf-4f60-9f40-0e1a7661326b\": dial tcp 127.0.0.1:5000: connectex: No connection could be made because the target machine actively refused it."
WARN[0001] Request Failed                                error="Get \"http://localhost:5000/api/v1/redirect/85e821ba-f5bf-4f60-9f40-0e1a7661326b\": dial tcp 127.0.0.1:5000: connectex: No connection could be made because the target machine actively refused it."
WARN[0001] Request Failed                                error="Get \"http://localhost:5000/api/v1/redirect/85e821ba-f5bf-4f60-9f40-0e1a7661326b\": dial tcp 127.0.0.1:5000: connectex: No connection could be made because the target machine actively refused it."
WARN[0001] Request Failed                                error="Get \"http://localhost:5000/api/v1/redirect/85e821ba-f5bf-4f60-9f40-0e1a7661326b\": dial tcp 127.0.0.1:5000: connectex: No connection could be made because the target machine actively refused it."
WARN[0001] Request Failed                                error="Get \"http://localhost:5000/api/v1/redirect/85e821ba-f5bf-4f60-9f40-0e1a7661326b\": dial tcp 127.0.0.1:5000: connectex: No connection could be made because the target machine actively refused it."
WARN[0001] Request Failed                                error="Get \"http://localhost:5000/api/v1/redirect/85e821ba-f5bf-4f60-9f40-0e1a7661326b\": dial tcp 127.0.0.1:5000: connectex: No connection could be made because the target machine actively refused it."
WARN[0001] Request Failed                                error="Get \"http://localhost:5000/api/v1/redirect/85e821ba-f5bf-4f60-9f40-0e1a7661326b\": dial tcp 127.0.0.1:5000: connectex: No connection could be made because the target machine actively refused it."
WARN[0001] Request Failed                                error="Get \"http://localhost:5000/api/v1/redirect/85e821ba-f5bf-4f60-9f40-0e1a7661326b\": dial tcp 127.0.0.1:5000: connectex: No connection could be made because the target machine actively refused it."
WARN[0001] Request Failed                                error="Get \"http://localhost:5000/api/v1/redirect/85e821ba-f5bf-4f60-9f40-0e1a7661326b\": dial tcp 127.0.0.1:5000: connectex: No connection could be made because the target machine actively refused it."
WARN[0001] Request Failed                                error="Get \"http://localhost:5000/api/v1/redirect/85e821ba-f5bf-4f60-9f40-0e1a7661326b\": dial tcp 127.0.0.1:5000: connectex: No connection could be made because the target machine actively refused it."
WARN[0001] Request Failed                                error="Get \"http://localhost:5000/api/v1/redirect/85e821ba-f5bf-4f60-9f40-0e1a7661326b\": dial tcp 127.0.0.1:5000: connectex: No connection could be made because the target machine actively refused it."
WARN[0001] Request Failed                                error="Get \"http://localhost:5000/api/v1/redirect/85e821ba-f5bf-4f60-9f40-0e1a7661326b\": dial tcp 127.0.0.1:5000: connectex: No connection could be made because the target machine actively refused it."
WARN[0001] Request Failed                                error="Get \"http://localhost:5000/api/v1/redirect/85e821ba-f5bf-4f60-9f40-0e1a7661326b\": dial tcp 127.0.0.1:5000: connectex: No connection could be made because the target machine actively refused it."
WARN[0001] Request Failed                                error="Get \"http://localhost:5000/api/v1/redirect/85e821ba-f5bf-4f60-9f40-0e1a7661326b\": dial tcp 127.0.0.1:5000: connectex: No connection could be made because the target machine actively refused it."
WARN[0001] Request Failed                                error="Get \"http://localhost:5000/api/v1/redirect/85e821ba-f5bf-4f60-9f40-0e1a7661326b\": dial tcp 127.0.0.1:5000: connectex: No connection could be made because the target machine actively refused it."
WARN[0001] Request Failed                                error="Get \"http://localhost:5000/api/v1/redirect/85e821ba-f5bf-4f60-9f40-0e1a7661326b\": dial tcp 127.0.0.1:5000: connectex: No connection could be made because the target machine actively refused it."
WARN[0001] Request Failed                                error="Get \"http://localhost:5000/api/v1/redirect/85e821ba-f5bf-4f60-9f40-0e1a7661326b\": dial tcp 127.0.0.1:5000: connectex: No connection could be made because the target machine actively refused it."
WARN[0001] Request Failed                                error="Get \"http://localhost:5000/api/v1/redirect/85e821ba-f5bf-4f60-9f40-0e1a7661326b\": dial tcp 127.0.0.1:5000: connectex: No connection could be made because the target machine actively refused it."
WARN[0001] Request Failed                                error="Get \"http://localhost:5000/api/v1/redirect/85e821ba-f5bf-4f60-9f40-0e1a7661326b\": dial tcp 127.0.0.1:5000: connectex: No connection could be made because the target machine actively refused it."
WARN[0001] Request Failed                                error="Get \"http://localhost:5000/api/v1/redirect/85e821ba-f5bf-4f60-9f40-0e1a7661326b\": dial tcp 127.0.0.1:5000: connectex: No connection could be made because the target machine actively refused it."
WARN[0001] Request Failed                                error="Get \"http://localhost:5000/api/v1/redirect/85e821ba-f5bf-4f60-9f40-0e1a7661326b\": dial tcp 127.0.0.1:5000: connectex: No connection could be made because the target machine actively refused it."
WARN[0001] Request Failed                                error="Get \"http://localhost:5000/api/v1/redirect/85e821ba-f5bf-4f60-9f40-0e1a7661326b\": dial tcp 127.0.0.1:5000: connectex: No connection could be made because the target machine actively refused it."
WARN[0001] Request Failed                                error="Get \"http://localhost:5000/api/v1/redirect/85e821ba-f5bf-4f60-9f40-0e1a7661326b\": dial tcp 127.0.0.1:5000: connectex: No connection could be made because the target machine actively refused it."
WARN[0001] Request Failed                                error="Get \"http://localhost:5000/api/v1/redirect/85e821ba-f5bf-4f60-9f40-0e1a7661326b\": dial tcp 127.0.0.1:5000: connectex: No connection could be made because the target machine actively refused it."
WARN[0001] Request Failed                                error="Get \"http://localhost:5000/api/v1/redirect/85e821ba-f5bf-4f60-9f40-0e1a7661326b\": dial tcp 127.0.0.1:5000: connectex: No connection could be made because the target machine actively refused it."
WARN[0001] Request Failed                                error="Get \"http://localhost:5000/api/v1/redirect/85e821ba-f5bf-4f60-9f40-0e1a7661326b\": dial tcp 127.0.0.1:5000: connectex: No connection could be made because the target machine actively refused it."
WARN[0001] Request Failed                                error="Get \"http://localhost:5000/api/v1/redirect/85e821ba-f5bf-4f60-9f40-0e1a7661326b\": dial tcp 127.0.0.1:5000: connectex: No connection could be made because the target machine actively refused it."
WARN[0001] Request Failed                                error="Get \"http://localhost:5000/api/v1/redirect/85e821ba-f5bf-4f60-9f40-0e1a7661326b\": dial tcp 127.0.0.1:5000: connectex: No connection could be made because the target machine actively refused it."
WARN[0001] Request Failed                                error="Get \"http://localhost:5000/api/v1/redirect/85e821ba-f5bf-4f60-9f40-0e1a7661326b\": dial tcp 127.0.0.1:5000: connectex: No connection could be made because the target machine actively refused it."
WARN[0001] Request Failed                                error="Get \"http://localhost:5000/api/v1/redirect/85e821ba-f5bf-4f60-9f40-0e1a7661326b\": dial tcp 127.0.0.1:5000: connectex: No connection could be made because the target machine actively refused it."
WARN[0001] Request Failed                                error="Get \"http://localhost:5000/api/v1/redirect/85e821ba-f5bf-4f60-9f40-0e1a7661326b\": dial tcp 127.0.0.1:5000: connectex: No connection could be made because the target machine actively refused it."
WARN[0001] Request Failed                                error="Get \"http://localhost:5000/api/v1/redirect/85e821ba-f5bf-4f60-9f40-0e1a7661326b\": dial tcp 127.0.0.1:5000: connectex: No connection could be made because the target machine actively refused it."
WARN[0001] Request Failed                                error="Get \"http://localhost:5000/api/v1/redirect/85e821ba-f5bf-4f60-9f40-0e1a7661326b\": dial tcp 127.0.0.1:5000: connectex: No connection could be made because the target machine actively refused it."
WARN[0001] Request Failed                                error="Get \"http://localhost:5000/api/v1/redirect/85e821ba-f5bf-4f60-9f40-0e1a7661326b\": dial tcp 127.0.0.1:5000: connectex: No connection could be made because the target machine actively refused it."
WARN[0001] Request Failed                                error="Get \"http://localhost:5000/api/v1/redirect/85e821ba-f5bf-4f60-9f40-0e1a7661326b\": dial tcp 127.0.0.1:5000: connectex: No connection could be made because the target machine actively refused it."
WARN[0001] Request Failed                                error="Get \"http://localhost:5000/api/v1/redirect/85e821ba-f5bf-4f60-9f40-0e1a7661326b\": dial tcp 127.0.0.1:5000: connectex: No connection could be made because the target machine actively refused it."
WARN[0001] Request Failed                                error="Get \"http://localhost:5000/api/v1/redirect/85e821ba-f5bf-4f60-9f40-0e1a7661326b\": dial tcp 127.0.0.1:5000: connectex: No connection could be made because the target machine actively refused it."
WARN[0001] Request Failed                                error="Get \"http://localhost:5000/api/v1/redirect/85e821ba-f5bf-4f60-9f40-0e1a7661326b\": dial tcp 127.0.0.1:5000: connectex: No connection could be made because the target machine actively refused it."
WARN[0001] Request Failed                                error="Get \"http://localhost:5000/api/v1/redirect/85e821ba-f5bf-4f60-9f40-0e1a7661326b\": dial tcp 127.0.0.1:5000: connectex: No connection could be made because the target machine actively refused it."
WARN[0001] Request Failed                                error="Get \"http://localhost:5000/api/v1/redirect/85e821ba-f5bf-4f60-9f40-0e1a7661326b\": dial tcp 127.0.0.1:5000: connectex: No connection could be made because the target machine actively refused it."
WARN[0001] Request Failed                                error="Get \"http://localhost:5000/api/v1/redirect/85e821ba-f5bf-4f60-9f40-0e1a7661326b\": dial tcp 127.0.0.1:5000: connectex: No connection could be made because the target machine actively refused it."
WARN[0001] Request Failed                                error="Get \"http://localhost:5000/api/v1/redirect/85e821ba-f5bf-4f60-9f40-0e1a7661326b\": dial tcp 127.0.0.1:5000: connectex: No connection could be made because the target machine actively refused it."
WARN[0001] Request Failed                                error="Get \"http://localhost:5000/api/v1/redirect/85e821ba-f5bf-4f60-9f40-0e1a7661326b\": dial tcp 127.0.0.1:5000: connectex: No connection could be made because the target machine actively refused it."
WARN[0001] Request Failed                                error="Get \"http://localhost:5000/api/v1/redirect/85e821ba-f5bf-4f60-9f40-0e1a7661326b\": dial tcp 127.0.0.1:5000: connectex: No connection could be made because the target machine actively refused it."
WARN[0001] Request Failed                                error="Get \"http://localhost:5000/api/v1/redirect/85e821ba-f5bf-4f60-9f40-0e1a7661326b\": dial tcp 127.0.0.1:5000: connectex: No connection could be made because the target machine actively refused it."
WARN[0001] Request Failed                                error="Get \"http://localhost:5000/api/v1/redirect/85e821ba-f5bf-4f60-9f40-0e1a7661326b\": dial tcp 127.0.0.1:5000: connectex: No connection could be made because the target machine actively refused it."
WARN[0001] Request Failed                                error="Get \"http://localhost:5000/api/v1/redirect/85e821ba-f5bf-4f60-9f40-0e1a7661326b\": dial tcp 127.0.0.1:5000: connectex: No connection could be made because the target machine actively refused it."
WARN[0001] Request Failed                                error="Get \"http://localhost:5000/api/v1/redirect/85e821ba-f5bf-4f60-9f40-0e1a7661326b\": dial tcp 127.0.0.1:5000: connectex: No connection could be made because the target machine actively refused it."
WARN[0001] Request Failed                                error="Get \"http://localhost:5000/api/v1/redirect/85e821ba-f5bf-4f60-9f40-0e1a7661326b\": dial tcp 127.0.0.1:5000: connectex: No connection could be made because the target machine actively refused it."
WARN[0001] Request Failed                                error="Get \"http://localhost:5000/api/v1/redirect/85e821ba-f5bf-4f60-9f40-0e1a7661326b\": dial tcp 127.0.0.1:5000: connectex: No connection could be made because the target machine actively refused it."
WARN[0001] Request Failed                                error="Get \"http://localhost:5000/api/v1/redirect/85e821ba-f5bf-4f60-9f40-0e1a7661326b\": dial tcp 127.0.0.1:5000: connectex: No connection could be made because the target machine actively refused it."
WARN[0001] Request Failed                                error="Get \"http://localhost:5000/api/v1/redirect/85e821ba-f5bf-4f60-9f40-0e1a7661326b\": dial tcp 127.0.0.1:5000: connectex: No connection could be made because the target machine actively refused it."
WARN[0001] Request Failed                                error="Get \"http://localhost:5000/api/v1/redirect/85e821ba-f5bf-4f60-9f40-0e1a7661326b\": dial tcp 127.0.0.1:5000: connectex: No connection could be made because the target machine actively refused it."
WARN[0001] Request Failed                                error="Get \"http://localhost:5000/api/v1/redirect/85e821ba-f5bf-4f60-9f40-0e1a7661326b\": dial tcp 127.0.0.1:5000: connectex: No connection could be made because the target machine actively refused it."
WARN[0001] Request Failed                                error="Get \"http://localhost:5000/api/v1/redirect/85e821ba-f5bf-4f60-9f40-0e1a7661326b\": dial tcp 127.0.0.1:5000: connectex: No connection could be made because the target machine actively refused it."
WARN[0001] Request Failed                                error="Get \"http://localhost:5000/api/v1/redirect/85e821ba-f5bf-4f60-9f40-0e1a7661326b\": dial tcp 127.0.0.1:5000: connectex: No connection could be made because the target machine actively refused it."
WARN[0001] Request Failed                                error="Get \"http://localhost:5000/api/v1/redirect/85e821ba-f5bf-4f60-9f40-0e1a7661326b\": dial tcp 127.0.0.1:5000: connectex: No connection could be made because the target machine actively refused it."
WARN[0001] Request Failed                                error="Get \"http://localhost:5000/api/v1/redirect/85e821ba-f5bf-4f60-9f40-0e1a7661326b\": dial tcp 127.0.0.1:5000: connectex: No connection could be made because the target machine actively refused it."
WARN[0001] Request Failed                                error="Get \"http://localhost:5000/api/v1/redirect/85e821ba-f5bf-4f60-9f40-0e1a7661326b\": dial tcp 127.0.0.1:5000: connectex: No connection could be made because the target machine actively refused it."
WARN[0001] Request Failed                                error="Get \"http://localhost:5000/api/v1/redirect/85e821ba-f5bf-4f60-9f40-0e1a7661326b\": dial tcp 127.0.0.1:5000: connectex: No connection could be made because the target machine actively refused it."
WARN[0001] Request Failed                                error="Get \"http://localhost:5000/api/v1/redirect/85e821ba-f5bf-4f60-9f40-0e1a7661326b\": dial tcp 127.0.0.1:5000: connectex: No connection could be made because the target machine actively refused it."
WARN[0001] Request Failed                                error="Get \"http://localhost:5000/api/v1/redirect/85e821ba-f5bf-4f60-9f40-0e1a7661326b\": dial tcp 127.0.0.1:5000: connectex: No connection could be made because the target machine actively refused it."
WARN[0001] Request Failed                                error="Get \"http://localhost:5000/api/v1/redirect/85e821ba-f5bf-4f60-9f40-0e1a7661326b\": dial tcp 127.0.0.1:5000: connectex: No connection could be made because the target machine actively refused it."
WARN[0001] Request Failed                                error="Get \"http://localhost:5000/api/v1/redirect/85e821ba-f5bf-4f60-9f40-0e1a7661326b\": dial tcp 127.0.0.1:5000: connectex: No connection could be made because the target machine actively refused it."
WARN[0001] Request Failed                                error="Get \"http://localhost:5000/api/v1/redirect/85e821ba-f5bf-4f60-9f40-0e1a7661326b\": dial tcp 127.0.0.1:5000: connectex: No connection could be made because the target machine actively refused it."
WARN[0001] Request Failed                                error="Get \"http://localhost:5000/api/v1/redirect/85e821ba-f5bf-4f60-9f40-0e1a7661326b\": dial tcp 127.0.0.1:5000: connectex: No connection could be made because the target machine actively refused it."
WARN[0001] Request Failed                                error="Get \"http://localhost:5000/api/v1/redirect/85e821ba-f5bf-4f60-9f40-0e1a7661326b\": dial tcp 127.0.0.1:5000: connectex: No connection could be made because the target machine actively refused it."
WARN[0001] Request Failed                                error="Get \"http://localhost:5000/api/v1/redirect/85e821ba-f5bf-4f60-9f40-0e1a7661326b\": dial tcp 127.0.0.1:5000: connectex: No connection could be made because the target machine actively refused it."
WARN[0001] Request Failed                                error="Get \"http://localhost:5000/api/v1/redirect/85e821ba-f5bf-4f60-9f40-0e1a7661326b\": dial tcp 127.0.0.1:5000: connectex: No connection could be made because the target machine actively refused it."
WARN[0001] Request Failed                                error="Get \"http://localhost:5000/api/v1/redirect/85e821ba-f5bf-4f60-9f40-0e1a7661326b\": dial tcp 127.0.0.1:5000: connectex: No connection could be made because the target machine actively refused it."
WARN[0001] Request Failed                                error="Get \"http://localhost:5000/api/v1/redirect/85e821ba-f5bf-4f60-9f40-0e1a7661326b\": dial tcp 127.0.0.1:5000: connectex: No connection could be made because the target machine actively refused it."
WARN[0001] Request Failed                                error="Get \"http://localhost:5000/api/v1/redirect/85e821ba-f5bf-4f60-9f40-0e1a7661326b\": dial tcp 127.0.0.1:5000: connectex: No connection could be made because the target machine actively refused it."
WARN[0001] Request Failed                                error="Get \"http://localhost:5000/api/v1/redirect/85e821ba-f5bf-4f60-9f40-0e1a7661326b\": dial tcp 127.0.0.1:5000: connectex: No connection could be made because the target machine actively refused it."
WARN[0001] Request Failed                                error="Get \"http://localhost:5000/api/v1/redirect/85e821ba-f5bf-4f60-9f40-0e1a7661326b\": dial tcp 127.0.0.1:5000: connectex: No connection could be made because the target machine actively refused it."
WARN[0001] Request Failed                                error="Get \"http://localhost:5000/api/v1/redirect/85e821ba-f5bf-4f60-9f40-0e1a7661326b\": dial tcp 127.0.0.1:5000: connectex: No connection could be made because the target machine actively refused it."
WARN[0001] Request Failed                                error="Get \"http://localhost:5000/api/v1/redirect/85e821ba-f5bf-4f60-9f40-0e1a7661326b\": dial tcp 127.0.0.1:5000: connectex: No connection could be made because the target machine actively refused it."
WARN[0001] Request Failed                                error="Get \"http://localhost:5000/api/v1/redirect/85e821ba-f5bf-4f60-9f40-0e1a7661326b\": dial tcp 127.0.0.1:5000: connectex: No connection could be made because the target machine actively refused it."
WARN[0001] Request Failed                                error="Get \"http://localhost:5000/api/v1/redirect/85e821ba-f5bf-4f60-9f40-0e1a7661326b\": dial tcp 127.0.0.1:5000: connectex: No connection could be made because the target machine actively refused it."
WARN[0001] Request Failed                                error="Get \"http://localhost:5000/api/v1/redirect/85e821ba-f5bf-4f60-9f40-0e1a7661326b\": dial tcp 127.0.0.1:5000: connectex: No connection could be made because the target machine actively refused it."
WARN[0001] Request Failed                                error="Get \"http://localhost:5000/api/v1/redirect/85e821ba-f5bf-4f60-9f40-0e1a7661326b\": dial tcp 127.0.0.1:5000: connectex: No connection could be made because the target machine actively refused it."
WARN[0001] Request Failed                                error="Get \"http://localhost:5000/api/v1/redirect/85e821ba-f5bf-4f60-9f40-0e1a7661326b\": dial tcp 127.0.0.1:5000: connectex: No connection could be made because the target machine actively refused it."
WARN[0001] Request Failed                                error="Get \"http://localhost:5000/api/v1/redirect/85e821ba-f5bf-4f60-9f40-0e1a7661326b\": dial tcp 127.0.0.1:5000: connectex: No connection could be made because the target machine actively refused it."
WARN[0001] Request Failed                                error="Get \"http://localhost:5000/api/v1/redirect/85e821ba-f5bf-4f60-9f40-0e1a7661326b\": dial tcp 127.0.0.1:5000: connectex: No connection could be made because the target machine actively refused it."
WARN[0001] Request Failed                                error="Get \"http://localhost:5000/api/v1/redirect/85e821ba-f5bf-4f60-9f40-0e1a7661326b\": dial tcp 127.0.0.1:5000: connectex: No connection could be made because the target machine actively refused it."
WARN[0001] Request Failed                                error="Get \"http://localhost:5000/api/v1/redirect/85e821ba-f5bf-4f60-9f40-0e1a7661326b\": dial tcp 127.0.0.1:5000: connectex: No connection could be made because the target machine actively refused it."
WARN[0001] Request Failed                                error="Get \"http://localhost:5000/api/v1/redirect/85e821ba-f5bf-4f60-9f40-0e1a7661326b\": dial tcp 127.0.0.1:5000: connectex: No connection could be made because the target machine actively refused it."
WARN[0001] Request Failed                                error="Get \"http://localhost:5000/api/v1/redirect/85e821ba-f5bf-4f60-9f40-0e1a7661326b\": dial tcp 127.0.0.1:5000: connectex: No connection could be made because the target machine actively refused it."
WARN[0001] Request Failed                                error="Get \"http://localhost:5000/api/v1/redirect/85e821ba-f5bf-4f60-9f40-0e1a7661326b\": dial tcp 127.0.0.1:5000: connectex: No connection could be made because the target machine actively refused it."
WARN[0001] Request Failed                                error="Get \"http://localhost:5000/api/v1/redirect/85e821ba-f5bf-4f60-9f40-0e1a7661326b\": dial tcp 127.0.0.1:5000: connectex: No connection could be made because the target machine actively refused it."
WARN[0001] Request Failed                                error="Get \"http://localhost:5000/api/v1/redirect/85e821ba-f5bf-4f60-9f40-0e1a7661326b\": dial tcp 127.0.0.1:5000: connectex: No connection could be made because the target machine actively refused it."
WARN[0001] Request Failed                                error="Get \"http://localhost:5000/api/v1/redirect/85e821ba-f5bf-4f60-9f40-0e1a7661326b\": dial tcp 127.0.0.1:5000: connectex: No connection could be made because the target machine actively refused it."
WARN[0001] Request Failed                                error="Get \"http://localhost:5000/api/v1/redirect/85e821ba-f5bf-4f60-9f40-0e1a7661326b\": dial tcp 127.0.0.1:5000: connectex: No connection could be made because the target machine actively refused it."
WARN[0001] Request Failed                                error="Get \"http://localhost:5000/api/v1/redirect/85e821ba-f5bf-4f60-9f40-0e1a7661326b\": dial tcp 127.0.0.1:5000: connectex: No connection could be made because the target machine actively refused it."
WARN[0001] Request Failed                                error="Get \"http://localhost:5000/api/v1/redirect/85e821ba-f5bf-4f60-9f40-0e1a7661326b\": dial tcp 127.0.0.1:5000: connectex: No connection could be made because the target machine actively refused it."
WARN[0001] Request Failed                                error="Get \"http://localhost:5000/api/v1/redirect/85e821ba-f5bf-4f60-9f40-0e1a7661326b\": dial tcp 127.0.0.1:5000: connectex: No connection could be made because the target machine actively refused it."
WARN[0001] Request Failed                                error="Get \"http://localhost:5000/api/v1/redirect/85e821ba-f5bf-4f60-9f40-0e1a7661326b\": dial tcp 127.0.0.1:5000: connectex: No connection could be made because the target machine actively refused it."
WARN[0001] Request Failed                                error="Get \"http://localhost:5000/api/v1/redirect/85e821ba-f5bf-4f60-9f40-0e1a7661326b\": dial tcp 127.0.0.1:5000: connectex: No connection could be made because the target machine actively refused it."
WARN[0001] Request Failed                                error="Get \"http://localhost:5000/api/v1/redirect/85e821ba-f5bf-4f60-9f40-0e1a7661326b\": dial tcp 127.0.0.1:5000: connectex: No connection could be made because the target machine actively refused it."
WARN[0001] Request Failed                                error="Get \"http://localhost:5000/api/v1/redirect/85e821ba-f5bf-4f60-9f40-0e1a7661326b\": dial tcp 127.0.0.1:5000: connectex: No connection could be made because the target machine actively refused it."
WARN[0001] Request Failed                                error="Get \"http://localhost:5000/api/v1/redirect/85e821ba-f5bf-4f60-9f40-0e1a7661326b\": dial tcp 127.0.0.1:5000: connectex: No connection could be made because the target machine actively refused it."
WARN[0001] Request Failed                                error="Get \"http://localhost:5000/api/v1/redirect/85e821ba-f5bf-4f60-9f40-0e1a7661326b\": dial tcp 127.0.0.1:5000: connectex: No connection could be made because the target machine actively refused it."
WARN[0001] Request Failed                                error="Get \"http://localhost:5000/api/v1/redirect/85e821ba-f5bf-4f60-9f40-0e1a7661326b\": dial tcp 127.0.0.1:5000: connectex: No connection could be made because the target machine actively refused it."
WARN[0001] Request Failed                                error="Get \"http://localhost:5000/api/v1/redirect/85e821ba-f5bf-4f60-9f40-0e1a7661326b\": dial tcp 127.0.0.1:5000: connectex: No connection could be made because the target machine actively refused it."
WARN[0001] Request Failed                                error="Get \"http://localhost:5000/api/v1/redirect/85e821ba-f5bf-4f60-9f40-0e1a7661326b\": dial tcp 127.0.0.1:5000: connectex: No connection could be made because the target machine actively refused it."
WARN[0001] Request Failed                                error="Get \"http://localhost:5000/api/v1/redirect/85e821ba-f5bf-4f60-9f40-0e1a7661326b\": dial tcp 127.0.0.1:5000: connectex: No connection could be made because the target machine actively refused it."
WARN[0001] Request Failed                                error="Get \"http://localhost:5000/api/v1/redirect/85e821ba-f5bf-4f60-9f40-0e1a7661326b\": dial tcp 127.0.0.1:5000: connectex: No connection could be made because the target machine actively refused it."
WARN[0001] Request Failed                                error="Get \"http://localhost:5000/api/v1/redirect/85e821ba-f5bf-4f60-9f40-0e1a7661326b\": dial tcp 127.0.0.1:5000: connectex: No connection could be made because the target machine actively refused it."
WARN[0001] Request Failed                                error="Get \"http://localhost:5000/api/v1/redirect/85e821ba-f5bf-4f60-9f40-0e1a7661326b\": dial tcp 127.0.0.1:5000: connectex: No connection could be made because the target machine actively refused it."
WARN[0001] Request Failed                                error="Get \"http://localhost:5000/api/v1/redirect/85e821ba-f5bf-4f60-9f40-0e1a7661326b\": dial tcp 127.0.0.1:5000: connectex: No connection could be made because the target machine actively refused it."
WARN[0001] Request Failed                                error="Get \"http://localhost:5000/api/v1/redirect/85e821ba-f5bf-4f60-9f40-0e1a7661326b\": dial tcp 127.0.0.1:5000: connectex: No connection could be made because the target machine actively refused it."
WARN[0001] Request Failed                                error="Get \"http://localhost:5000/api/v1/redirect/85e821ba-f5bf-4f60-9f40-0e1a7661326b\": dial tcp 127.0.0.1:5000: connectex: No connection could be made because the target machine actively refused it."
WARN[0001] Request Failed                                error="Get \"http://localhost:5000/api/v1/redirect/85e821ba-f5bf-4f60-9f40-0e1a7661326b\": dial tcp 127.0.0.1:5000: connectex: No connection could be made because the target machine actively refused it."
WARN[0001] Request Failed                                error="Get \"http://localhost:5000/api/v1/redirect/85e821ba-f5bf-4f60-9f40-0e1a7661326b\": dial tcp 127.0.0.1:5000: connectex: No connection could be made because the target machine actively refused it."
WARN[0001] Request Failed                                error="Get \"http://localhost:5000/api/v1/redirect/85e821ba-f5bf-4f60-9f40-0e1a7661326b\": dial tcp 127.0.0.1:5000: connectex: No connection could be made because the target machine actively refused it."
WARN[0001] Request Failed                                error="Get \"http://localhost:5000/api/v1/redirect/85e821ba-f5bf-4f60-9f40-0e1a7661326b\": dial tcp 127.0.0.1:5000: connectex: No connection could be made because the target machine actively refused it."
WARN[0001] Request Failed                                error="Get \"http://localhost:5000/api/v1/redirect/85e821ba-f5bf-4f60-9f40-0e1a7661326b\": dial tcp 127.0.0.1:5000: connectex: No connection could be made because the target machine actively refused it."
WARN[0001] Request Failed                                error="Get \"http://localhost:5000/api/v1/redirect/85e821ba-f5bf-4f60-9f40-0e1a7661326b\": dial tcp 127.0.0.1:5000: connectex: No connection could be made because the target machine actively refused it."
WARN[0001] Request Failed                                error="Get \"http://localhost:5000/api/v1/redirect/85e821ba-f5bf-4f60-9f40-0e1a7661326b\": dial tcp 127.0.0.1:5000: connectex: No connection could be made because the target machine actively refused it."
WARN[0001] Request Failed                                error="Get \"http://localhost:5000/api/v1/redirect/85e821ba-f5bf-4f60-9f40-0e1a7661326b\": dial tcp 127.0.0.1:5000: connectex: No connection could be made because the target machine actively refused it."
WARN[0001] Request Failed                                error="Get \"http://localhost:5000/api/v1/redirect/85e821ba-f5bf-4f60-9f40-0e1a7661326b\": dial tcp 127.0.0.1:5000: connectex: No connection could be made because the target machine actively refused it."
WARN[0002] Request Failed                                error="Get \"http://localhost:5000/api/v1/redirect/85e821ba-f5bf-4f60-9f40-0e1a7661326b\": dial tcp 127.0.0.1:5000: connectex: No connection could be made because the target machine actively refused it."
WARN[0002] Request Failed                                error="Get \"http://localhost:5000/api/v1/redirect/85e821ba-f5bf-4f60-9f40-0e1a7661326b\": dial tcp 127.0.0.1:5000: connectex: No connection could be made because the target machine actively refused it."
WARN[0001] Request Failed                                error="Get \"http://localhost:5000/api/v1/redirect/85e821ba-f5bf-4f60-9f40-0e1a7661326b\": dial tcp 127.0.0.1:5000: connectex: No connection could be made because the target machine actively refused it."
WARN[0002] Request Failed                                error="Get \"http://localhost:5000/api/v1/redirect/85e821ba-f5bf-4f60-9f40-0e1a7661326b\": dial tcp 127.0.0.1:5000: connectex: No connection could be made because the target machine actively refused it."
WARN[0001] Request Failed                                error="Get \"http://localhost:5000/api/v1/redirect/85e821ba-f5bf-4f60-9f40-0e1a7661326b\": dial tcp 127.0.0.1:5000: connectex: No connection could be made because the target machine actively refused it."
WARN[0001] Request Failed                                error="Get \"http://localhost:5000/api/v1/redirect/85e821ba-f5bf-4f60-9f40-0e1a7661326b\": dial tcp 127.0.0.1:5000: connectex: No connection could be made because the target machine actively refused it."
WARN[0002] Request Failed                                error="Get \"http://localhost:5000/api/v1/redirect/85e821ba-f5bf-4f60-9f40-0e1a7661326b\": dial tcp 127.0.0.1:5000: connectex: No connection could be made because the target machine actively refused it."
WARN[0001] Request Failed                                error="Get \"http://localhost:5000/api/v1/redirect/85e821ba-f5bf-4f60-9f40-0e1a7661326b\": dial tcp 127.0.0.1:5000: connectex: No connection could be made because the target machine actively refused it."
WARN[0001] Request Failed                                error="Get \"http://localhost:5000/api/v1/redirect/85e821ba-f5bf-4f60-9f40-0e1a7661326b\": dial tcp 127.0.0.1:5000: connectex: No connection could be made because the target machine actively refused it."
WARN[0001] Request Failed                                error="Get \"http://localhost:5000/api/v1/redirect/85e821ba-f5bf-4f60-9f40-0e1a7661326b\": dial tcp 127.0.0.1:5000: connectex: No connection could be made because the target machine actively refused it."
WARN[0002] Request Failed                                error="Get \"http://localhost:5000/api/v1/redirect/85e821ba-f5bf-4f60-9f40-0e1a7661326b\": dial tcp 127.0.0.1:5000: connectex: No connection could be made because the target machine actively refused it."
WARN[0002] Request Failed                                error="Get \"http://localhost:5000/api/v1/redirect/85e821ba-f5bf-4f60-9f40-0e1a7661326b\": dial tcp 127.0.0.1:5000: connectex: No connection could be made because the target machine actively refused it."
WARN[0002] Request Failed                                error="Get \"http://localhost:5000/api/v1/redirect/85e821ba-f5bf-4f60-9f40-0e1a7661326b\": dial tcp 127.0.0.1:5000: connectex: No connection could be made because the target machine actively refused it."
WARN[0001] Request Failed                                error="Get \"http://localhost:5000/api/v1/redirect/85e821ba-f5bf-4f60-9f40-0e1a7661326b\": dial tcp 127.0.0.1:5000: connectex: No connection could be made because the target machine actively refused it."
WARN[0002] Request Failed                                error="Get \"http://localhost:5000/api/v1/redirect/85e821ba-f5bf-4f60-9f40-0e1a7661326b\": dial tcp 127.0.0.1:5000: connectex: No connection could be made because the target machine actively refused it."
WARN[0001] Request Failed                                error="Get \"http://localhost:5000/api/v1/redirect/85e821ba-f5bf-4f60-9f40-0e1a7661326b\": dial tcp 127.0.0.1:5000: connectex: No connection could be made because the target machine actively refused it."
WARN[0002] Request Failed                                error="Get \"http://localhost:5000/api/v1/redirect/85e821ba-f5bf-4f60-9f40-0e1a7661326b\": dial tcp 127.0.0.1:5000: connectex: No connection could be made because the target machine actively refused it."
WARN[0001] Request Failed                                error="Get \"http://localhost:5000/api/v1/redirect/85e821ba-f5bf-4f60-9f40-0e1a7661326b\": dial tcp 127.0.0.1:5000: connectex: No connection could be made because the target machine actively refused it."
WARN[0001] Request Failed                                error="Get \"http://localhost:5000/api/v1/redirect/85e821ba-f5bf-4f60-9f40-0e1a7661326b\": dial tcp 127.0.0.1:5000: connectex: No connection could be made because the target machine actively refused it."
WARN[0001] Request Failed                                error="Get \"http://localhost:5000/api/v1/redirect/85e821ba-f5bf-4f60-9f40-0e1a7661326b\": dial tcp 127.0.0.1:5000: connectex: No connection could be made because the target machine actively refused it."
WARN[0002] Request Failed                                error="Get \"http://localhost:5000/api/v1/redirect/85e821ba-f5bf-4f60-9f40-0e1a7661326b\": dial tcp 127.0.0.1:5000: connectex: No connection could be made because the target machine actively refused it."
WARN[0001] Request Failed                                error="Get \"http://localhost:5000/api/v1/redirect/85e821ba-f5bf-4f60-9f40-0e1a7661326b\": dial tcp 127.0.0.1:5000: connectex: No connection could be made because the target machine actively refused it."
WARN[0002] Request Failed                                error="Get \"http://localhost:5000/api/v1/redirect/85e821ba-f5bf-4f60-9f40-0e1a7661326b\": dial tcp 127.0.0.1:5000: connectex: No connection could be made because the target machine actively refused it."
WARN[0002] Request Failed                                error="Get \"http://localhost:5000/api/v1/redirect/85e821ba-f5bf-4f60-9f40-0e1a7661326b\": dial tcp 127.0.0.1:5000: connectex: No connection could be made because the target machine actively refused it."
WARN[0001] Request Failed                                error="Get \"http://localhost:5000/api/v1/redirect/85e821ba-f5bf-4f60-9f40-0e1a7661326b\": dial tcp 127.0.0.1:5000: connectex: No connection could be made because the target machine actively refused it."
WARN[0002] Request Failed                                error="Get \"http://localhost:5000/api/v1/redirect/85e821ba-f5bf-4f60-9f40-0e1a7661326b\": dial tcp 127.0.0.1:5000: connectex: No connection could be made because the target machine actively refused it."
WARN[0002] Request Failed                                error="Get \"http://localhost:5000/api/v1/redirect/85e821ba-f5bf-4f60-9f40-0e1a7661326b\": dial tcp 127.0.0.1:5000: connectex: No connection could be made because the target machine actively refused it."
WARN[0002] Request Failed                                error="Get \"http://localhost:5000/api/v1/redirect/85e821ba-f5bf-4f60-9f40-0e1a7661326b\": dial tcp 127.0.0.1:5000: connectex: No connection could be made because the target machine actively refused it."
WARN[0002] Request Failed                                error="Get \"http://localhost:5000/api/v1/redirect/85e821ba-f5bf-4f60-9f40-0e1a7661326b\": dial tcp 127.0.0.1:5000: connectex: No connection could be made because the target machine actively refused it."
WARN[0002] Request Failed                                error="Get \"http://localhost:5000/api/v1/redirect/85e821ba-f5bf-4f60-9f40-0e1a7661326b\": dial tcp 127.0.0.1:5000: connectex: No connection could be made because the target machine actively refused it."
WARN[0002] Request Failed                                error="Get \"http://localhost:5000/api/v1/redirect/85e821ba-f5bf-4f60-9f40-0e1a7661326b\": dial tcp 127.0.0.1:5000: connectex: No connection could be made because the target machine actively refused it."
WARN[0002] Request Failed                                error="Get \"http://localhost:5000/api/v1/redirect/85e821ba-f5bf-4f60-9f40-0e1a7661326b\": dial tcp 127.0.0.1:5000: connectex: No connection could be made because the target machine actively refused it."
WARN[0002] Request Failed                                error="Get \"http://localhost:5000/api/v1/redirect/85e821ba-f5bf-4f60-9f40-0e1a7661326b\": dial tcp 127.0.0.1:5000: connectex: No connection could be made because the target machine actively refused it."
WARN[0002] Request Failed                                error="Get \"http://localhost:5000/api/v1/redirect/85e821ba-f5bf-4f60-9f40-0e1a7661326b\": dial tcp 127.0.0.1:5000: connectex: No connection could be made because the target machine actively refused it."
WARN[0002] Request Failed                                error="Get \"http://localhost:5000/api/v1/redirect/85e821ba-f5bf-4f60-9f40-0e1a7661326b\": dial tcp 127.0.0.1:5000: connectex: No connection could be made because the target machine actively refused it."
WARN[0002] Request Failed                                error="Get \"http://localhost:5000/api/v1/redirect/85e821ba-f5bf-4f60-9f40-0e1a7661326b\": dial tcp 127.0.0.1:5000: connectex: No connection could be made because the target machine actively refused it."
WARN[0002] Request Failed                                error="Get \"http://localhost:5000/api/v1/redirect/85e821ba-f5bf-4f60-9f40-0e1a7661326b\": dial tcp 127.0.0.1:5000: connectex: No connection could be made because the target machine actively refused it."
WARN[0002] Request Failed                                error="Get \"http://localhost:5000/api/v1/redirect/85e821ba-f5bf-4f60-9f40-0e1a7661326b\": dial tcp 127.0.0.1:5000: connectex: No connection could be made because the target machine actively refused it."
WARN[0002] Request Failed                                error="Get \"http://localhost:5000/api/v1/redirect/85e821ba-f5bf-4f60-9f40-0e1a7661326b\": dial tcp 127.0.0.1:5000: connectex: No connection could be made because the target machine actively refused it."
WARN[0002] Request Failed                                error="Get \"http://localhost:5000/api/v1/redirect/85e821ba-f5bf-4f60-9f40-0e1a7661326b\": dial tcp 127.0.0.1:5000: connectex: No connection could be made because the target machine actively refused it."
WARN[0002] Request Failed                                error="Get \"http://localhost:5000/api/v1/redirect/85e821ba-f5bf-4f60-9f40-0e1a7661326b\": dial tcp 127.0.0.1:5000: connectex: No connection could be made because the target machine actively refused it."
WARN[0002] Request Failed                                error="Get \"http://localhost:5000/api/v1/redirect/85e821ba-f5bf-4f60-9f40-0e1a7661326b\": dial tcp 127.0.0.1:5000: connectex: No connection could be made because the target machine actively refused it."
WARN[0002] Request Failed                                error="Get \"http://localhost:5000/api/v1/redirect/85e821ba-f5bf-4f60-9f40-0e1a7661326b\": dial tcp 127.0.0.1:5000: connectex: No connection could be made because the target machine actively refused it."
WARN[0002] Request Failed                                error="Get \"http://localhost:5000/api/v1/redirect/85e821ba-f5bf-4f60-9f40-0e1a7661326b\": dial tcp 127.0.0.1:5000: connectex: No connection could be made because the target machine actively refused it."
WARN[0002] Request Failed                                error="Get \"http://localhost:5000/api/v1/redirect/85e821ba-f5bf-4f60-9f40-0e1a7661326b\": dial tcp 127.0.0.1:5000: connectex: No connection could be made because the target machine actively refused it."
WARN[0002] Request Failed                                error="Get \"http://localhost:5000/api/v1/redirect/85e821ba-f5bf-4f60-9f40-0e1a7661326b\": dial tcp 127.0.0.1:5000: connectex: No connection could be made because the target machine actively refused it."
WARN[0002] Request Failed                                error="Get \"http://localhost:5000/api/v1/redirect/85e821ba-f5bf-4f60-9f40-0e1a7661326b\": dial tcp 127.0.0.1:5000: connectex: No connection could be made because the target machine actively refused it."
WARN[0002] Request Failed                                error="Get \"http://localhost:5000/api/v1/redirect/85e821ba-f5bf-4f60-9f40-0e1a7661326b\": dial tcp 127.0.0.1:5000: connectex: No connection could be made because the target machine actively refused it."
WARN[0002] Request Failed                                error="Get \"http://localhost:5000/api/v1/redirect/85e821ba-f5bf-4f60-9f40-0e1a7661326b\": dial tcp 127.0.0.1:5000: connectex: No connection could be made because the target machine actively refused it."
WARN[0002] Request Failed                                error="Get \"http://localhost:5000/api/v1/redirect/85e821ba-f5bf-4f60-9f40-0e1a7661326b\": dial tcp 127.0.0.1:5000: connectex: No connection could be made because the target machine actively refused it."
WARN[0002] Request Failed                                error="Get \"http://localhost:5000/api/v1/redirect/85e821ba-f5bf-4f60-9f40-0e1a7661326b\": dial tcp 127.0.0.1:5000: connectex: No connection could be made because the target machine actively refused it."
WARN[0002] Request Failed                                error="Get \"http://localhost:5000/api/v1/redirect/85e821ba-f5bf-4f60-9f40-0e1a7661326b\": dial tcp 127.0.0.1:5000: connectex: No connection could be made because the target machine actively refused it."
WARN[0002] Request Failed                                error="Get \"http://localhost:5000/api/v1/redirect/85e821ba-f5bf-4f60-9f40-0e1a7661326b\": dial tcp 127.0.0.1:5000: connectex: No connection could be made because the target machine actively refused it."
WARN[0002] Request Failed                                error="Get \"http://localhost:5000/api/v1/redirect/85e821ba-f5bf-4f60-9f40-0e1a7661326b\": dial tcp 127.0.0.1:5000: connectex: No connection could be made because the target machine actively refused it."
WARN[0002] Request Failed                                error="Get \"http://localhost:5000/api/v1/redirect/85e821ba-f5bf-4f60-9f40-0e1a7661326b\": dial tcp 127.0.0.1:5000: connectex: No connection could be made because the target machine actively refused it."
WARN[0002] Request Failed                                error="Get \"http://localhost:5000/api/v1/redirect/85e821ba-f5bf-4f60-9f40-0e1a7661326b\": dial tcp 127.0.0.1:5000: connectex: No connection could be made because the target machine actively refused it."
WARN[0002] Request Failed                                error="Get \"http://localhost:5000/api/v1/redirect/85e821ba-f5bf-4f60-9f40-0e1a7661326b\": dial tcp 127.0.0.1:5000: connectex: No connection could be made because the target machine actively refused it."
WARN[0002] Request Failed                                error="Get \"http://localhost:5000/api/v1/redirect/85e821ba-f5bf-4f60-9f40-0e1a7661326b\": dial tcp 127.0.0.1:5000: connectex: No connection could be made because the target machine actively refused it."
WARN[0002] Request Failed                                error="Get \"http://localhost:5000/api/v1/redirect/85e821ba-f5bf-4f60-9f40-0e1a7661326b\": dial tcp 127.0.0.1:5000: connectex: No connection could be made because the target machine actively refused it."
WARN[0002] Request Failed                                error="Get \"http://localhost:5000/api/v1/redirect/85e821ba-f5bf-4f60-9f40-0e1a7661326b\": dial tcp 127.0.0.1:5000: connectex: No connection could be made because the target machine actively refused it."
WARN[0002] Request Failed                                error="Get \"http://localhost:5000/api/v1/redirect/85e821ba-f5bf-4f60-9f40-0e1a7661326b\": dial tcp 127.0.0.1:5000: connectex: No connection could be made because the target machine actively refused it."
WARN[0002] Request Failed                                error="Get \"http://localhost:5000/api/v1/redirect/85e821ba-f5bf-4f60-9f40-0e1a7661326b\": dial tcp 127.0.0.1:5000: connectex: No connection could be made because the target machine actively refused it."
WARN[0002] Request Failed                                error="Get \"http://localhost:5000/api/v1/redirect/85e821ba-f5bf-4f60-9f40-0e1a7661326b\": dial tcp 127.0.0.1:5000: connectex: No connection could be made because the target machine actively refused it."
WARN[0002] Request Failed                                error="Get \"http://localhost:5000/api/v1/redirect/85e821ba-f5bf-4f60-9f40-0e1a7661326b\": dial tcp 127.0.0.1:5000: connectex: No connection could be made because the target machine actively refused it."
WARN[0002] Request Failed                                error="Get \"http://localhost:5000/api/v1/redirect/85e821ba-f5bf-4f60-9f40-0e1a7661326b\": dial tcp 127.0.0.1:5000: connectex: No connection could be made because the target machine actively refused it."
WARN[0002] Request Failed                                error="Get \"http://localhost:5000/api/v1/redirect/85e821ba-f5bf-4f60-9f40-0e1a7661326b\": dial tcp 127.0.0.1:5000: connectex: No connection could be made because the target machine actively refused it."
WARN[0002] Request Failed                                error="Get \"http://localhost:5000/api/v1/redirect/85e821ba-f5bf-4f60-9f40-0e1a7661326b\": dial tcp 127.0.0.1:5000: connectex: No connection could be made because the target machine actively refused it."
WARN[0002] Request Failed                                error="Get \"http://localhost:5000/api/v1/redirect/85e821ba-f5bf-4f60-9f40-0e1a7661326b\": dial tcp 127.0.0.1:5000: connectex: No connection could be made because the target machine actively refused it."
WARN[0002] Request Failed                                error="Get \"http://localhost:5000/api/v1/redirect/85e821ba-f5bf-4f60-9f40-0e1a7661326b\": dial tcp 127.0.0.1:5000: connectex: No connection could be made because the target machine actively refused it."
WARN[0002] Request Failed                                error="Get \"http://localhost:5000/api/v1/redirect/85e821ba-f5bf-4f60-9f40-0e1a7661326b\": dial tcp 127.0.0.1:5000: connectex: No connection could be made because the target machine actively refused it."
WARN[0002] Request Failed                                error="Get \"http://localhost:5000/api/v1/redirect/85e821ba-f5bf-4f60-9f40-0e1a7661326b\": dial tcp 127.0.0.1:5000: connectex: No connection could be made because the target machine actively refused it."
WARN[0002] Request Failed                                error="Get \"http://localhost:5000/api/v1/redirect/85e821ba-f5bf-4f60-9f40-0e1a7661326b\": dial tcp 127.0.0.1:5000: connectex: No connection could be made because the target machine actively refused it."
WARN[0002] Request Failed                                error="Get \"http://localhost:5000/api/v1/redirect/85e821ba-f5bf-4f60-9f40-0e1a7661326b\": dial tcp 127.0.0.1:5000: connectex: No connection could be made because the target machine actively refused it."
WARN[0002] Request Failed                                error="Get \"http://localhost:5000/api/v1/redirect/85e821ba-f5bf-4f60-9f40-0e1a7661326b\": dial tcp 127.0.0.1:5000: connectex: No connection could be made because the target machine actively refused it."
WARN[0002] Request Failed                                error="Get \"http://localhost:5000/api/v1/redirect/85e821ba-f5bf-4f60-9f40-0e1a7661326b\": dial tcp 127.0.0.1:5000: connectex: No connection could be made because the target machine actively refused it."
WARN[0002] Request Failed                                error="Get \"http://localhost:5000/api/v1/redirect/85e821ba-f5bf-4f60-9f40-0e1a7661326b\": dial tcp 127.0.0.1:5000: connectex: No connection could be made because the target machine actively refused it."
WARN[0002] Request Failed                                error="Get \"http://localhost:5000/api/v1/redirect/85e821ba-f5bf-4f60-9f40-0e1a7661326b\": dial tcp 127.0.0.1:5000: connectex: No connection could be made because the target machine actively refused it."
WARN[0002] Request Failed                                error="Get \"http://localhost:5000/api/v1/redirect/85e821ba-f5bf-4f60-9f40-0e1a7661326b\": dial tcp 127.0.0.1:5000: connectex: No connection could be made because the target machine actively refused it."
WARN[0002] Request Failed                                error="Get \"http://localhost:5000/api/v1/redirect/85e821ba-f5bf-4f60-9f40-0e1a7661326b\": dial tcp 127.0.0.1:5000: connectex: No connection could be made because the target machine actively refused it."
WARN[0002] Request Failed                                error="Get \"http://localhost:5000/api/v1/redirect/85e821ba-f5bf-4f60-9f40-0e1a7661326b\": dial tcp 127.0.0.1:5000: connectex: No connection could be made because the target machine actively refused it."
WARN[0002] Request Failed                                error="Get \"http://localhost:5000/api/v1/redirect/85e821ba-f5bf-4f60-9f40-0e1a7661326b\": dial tcp 127.0.0.1:5000: connectex: No connection could be made because the target machine actively refused it."
WARN[0002] Request Failed                                error="Get \"http://localhost:5000/api/v1/redirect/85e821ba-f5bf-4f60-9f40-0e1a7661326b\": dial tcp 127.0.0.1:5000: connectex: No connection could be made because the target machine actively refused it."
WARN[0002] Request Failed                                error="Get \"http://localhost:5000/api/v1/redirect/85e821ba-f5bf-4f60-9f40-0e1a7661326b\": dial tcp 127.0.0.1:5000: connectex: No connection could be made because the target machine actively refused it."
WARN[0002] Request Failed                                error="Get \"http://localhost:5000/api/v1/redirect/85e821ba-f5bf-4f60-9f40-0e1a7661326b\": dial tcp 127.0.0.1:5000: connectex: No connection could be made because the target machine actively refused it."
WARN[0002] Request Failed                                error="Get \"http://localhost:5000/api/v1/redirect/85e821ba-f5bf-4f60-9f40-0e1a7661326b\": dial tcp 127.0.0.1:5000: connectex: No connection could be made because the target machine actively refused it."
WARN[0002] Request Failed                                error="Get \"http://localhost:5000/api/v1/redirect/85e821ba-f5bf-4f60-9f40-0e1a7661326b\": dial tcp 127.0.0.1:5000: connectex: No connection could be made because the target machine actively refused it."
WARN[0002] Request Failed                                error="Get \"http://localhost:5000/api/v1/redirect/85e821ba-f5bf-4f60-9f40-0e1a7661326b\": dial tcp 127.0.0.1:5000: connectex: No connection could be made because the target machine actively refused it."
WARN[0002] Request Failed                                error="Get \"http://localhost:5000/api/v1/redirect/85e821ba-f5bf-4f60-9f40-0e1a7661326b\": dial tcp 127.0.0.1:5000: connectex: No connection could be made because the target machine actively refused it."
WARN[0002] Request Failed                                error="Get \"http://localhost:5000/api/v1/redirect/85e821ba-f5bf-4f60-9f40-0e1a7661326b\": dial tcp 127.0.0.1:5000: connectex: No connection could be made because the target machine actively refused it."
WARN[0002] Request Failed                                error="Get \"http://localhost:5000/api/v1/redirect/85e821ba-f5bf-4f60-9f40-0e1a7661326b\": dial tcp 127.0.0.1:5000: connectex: No connection could be made because the target machine actively refused it."
WARN[0002] Request Failed                                error="Get \"http://localhost:5000/api/v1/redirect/85e821ba-f5bf-4f60-9f40-0e1a7661326b\": dial tcp 127.0.0.1:5000: connectex: No connection could be made because the target machine actively refused it."
WARN[0002] Request Failed                                error="Get \"http://localhost:5000/api/v1/redirect/85e821ba-f5bf-4f60-9f40-0e1a7661326b\": dial tcp 127.0.0.1:5000: connectex: No connection could be made because the target machine actively refused it."
WARN[0002] Request Failed                                error="Get \"http://localhost:5000/api/v1/redirect/85e821ba-f5bf-4f60-9f40-0e1a7661326b\": dial tcp 127.0.0.1:5000: connectex: No connection could be made because the target machine actively refused it."
WARN[0002] Request Failed                                error="Get \"http://localhost:5000/api/v1/redirect/85e821ba-f5bf-4f60-9f40-0e1a7661326b\": dial tcp 127.0.0.1:5000: connectex: No connection could be made because the target machine actively refused it."
WARN[0002] Request Failed                                error="Get \"http://localhost:5000/api/v1/redirect/85e821ba-f5bf-4f60-9f40-0e1a7661326b\": dial tcp 127.0.0.1:5000: connectex: No connection could be made because the target machine actively refused it."
WARN[0002] Request Failed                                error="Get \"http://localhost:5000/api/v1/redirect/85e821ba-f5bf-4f60-9f40-0e1a7661326b\": dial tcp 127.0.0.1:5000: connectex: No connection could be made because the target machine actively refused it."
WARN[0002] Request Failed                                error="Get \"http://localhost:5000/api/v1/redirect/85e821ba-f5bf-4f60-9f40-0e1a7661326b\": dial tcp 127.0.0.1:5000: connectex: No connection could be made because the target machine actively refused it."
WARN[0002] Request Failed                                error="Get \"http://localhost:5000/api/v1/redirect/85e821ba-f5bf-4f60-9f40-0e1a7661326b\": dial tcp 127.0.0.1:5000: connectex: No connection could be made because the target machine actively refused it."
WARN[0002] Request Failed                                error="Get \"http://localhost:5000/api/v1/redirect/85e821ba-f5bf-4f60-9f40-0e1a7661326b\": dial tcp 127.0.0.1:5000: connectex: No connection could be made because the target machine actively refused it."
WARN[0002] Request Failed                                error="Get \"http://localhost:5000/api/v1/redirect/85e821ba-f5bf-4f60-9f40-0e1a7661326b\": dial tcp 127.0.0.1:5000: connectex: No connection could be made because the target machine actively refused it."
WARN[0002] Request Failed                                error="Get \"http://localhost:5000/api/v1/redirect/85e821ba-f5bf-4f60-9f40-0e1a7661326b\": dial tcp 127.0.0.1:5000: connectex: No connection could be made because the target machine actively refused it."
WARN[0002] Request Failed                                error="Get \"http://localhost:5000/api/v1/redirect/85e821ba-f5bf-4f60-9f40-0e1a7661326b\": dial tcp 127.0.0.1:5000: connectex: No connection could be made because the target machine actively refused it."
WARN[0002] Request Failed                                error="Get \"http://localhost:5000/api/v1/redirect/85e821ba-f5bf-4f60-9f40-0e1a7661326b\": dial tcp 127.0.0.1:5000: connectex: No connection could be made because the target machine actively refused it."
WARN[0002] Request Failed                                error="Get \"http://localhost:5000/api/v1/redirect/85e821ba-f5bf-4f60-9f40-0e1a7661326b\": dial tcp 127.0.0.1:5000: connectex: No connection could be made because the target machine actively refused it."
WARN[0002] Request Failed                                error="Get \"http://localhost:5000/api/v1/redirect/85e821ba-f5bf-4f60-9f40-0e1a7661326b\": dial tcp 127.0.0.1:5000: connectex: No connection could be made because the target machine actively refused it."
WARN[0002] Request Failed                                error="Get \"http://localhost:5000/api/v1/redirect/85e821ba-f5bf-4f60-9f40-0e1a7661326b\": dial tcp 127.0.0.1:5000: connectex: No connection could be made because the target machine actively refused it."
WARN[0002] Request Failed                                error="Get \"http://localhost:5000/api/v1/redirect/85e821ba-f5bf-4f60-9f40-0e1a7661326b\": dial tcp 127.0.0.1:5000: connectex: No connection could be made because the target machine actively refused it."
WARN[0002] Request Failed                                error="Get \"http://localhost:5000/api/v1/redirect/85e821ba-f5bf-4f60-9f40-0e1a7661326b\": dial tcp 127.0.0.1:5000: connectex: No connection could be made because the target machine actively refused it."
WARN[0002] Request Failed                                error="Get \"http://localhost:5000/api/v1/redirect/85e821ba-f5bf-4f60-9f40-0e1a7661326b\": dial tcp 127.0.0.1:5000: connectex: No connection could be made because the target machine actively refused it."
WARN[0002] Request Failed                                error="Get \"http://localhost:5000/api/v1/redirect/85e821ba-f5bf-4f60-9f40-0e1a7661326b\": dial tcp 127.0.0.1:5000: connectex: No connection could be made because the target machine actively refused it."
WARN[0002] Request Failed                                error="Get \"http://localhost:5000/api/v1/redirect/85e821ba-f5bf-4f60-9f40-0e1a7661326b\": dial tcp 127.0.0.1:5000: connectex: No connection could be made because the target machine actively refused it."
WARN[0002] Request Failed                                error="Get \"http://localhost:5000/api/v1/redirect/85e821ba-f5bf-4f60-9f40-0e1a7661326b\": dial tcp 127.0.0.1:5000: connectex: No connection could be made because the target machine actively refused it."
WARN[0002] Request Failed                                error="Get \"http://localhost:5000/api/v1/redirect/85e821ba-f5bf-4f60-9f40-0e1a7661326b\": dial tcp 127.0.0.1:5000: connectex: No connection could be made because the target machine actively refused it."
WARN[0002] Request Failed                                error="Get \"http://localhost:5000/api/v1/redirect/85e821ba-f5bf-4f60-9f40-0e1a7661326b\": dial tcp 127.0.0.1:5000: connectex: No connection could be made because the target machine actively refused it."
WARN[0002] Request Failed                                error="Get \"http://localhost:5000/api/v1/redirect/85e821ba-f5bf-4f60-9f40-0e1a7661326b\": dial tcp 127.0.0.1:5000: connectex: No connection could be made because the target machine actively refused it."
WARN[0002] Request Failed                                error="Get \"http://localhost:5000/api/v1/redirect/85e821ba-f5bf-4f60-9f40-0e1a7661326b\": dial tcp 127.0.0.1:5000: connectex: No connection could be made because the target machine actively refused it."
WARN[0002] Request Failed                                error="Get \"http://localhost:5000/api/v1/redirect/85e821ba-f5bf-4f60-9f40-0e1a7661326b\": dial tcp 127.0.0.1:5000: connectex: No connection could be made because the target machine actively refused it."
WARN[0002] Request Failed                                error="Get \"http://localhost:5000/api/v1/redirect/85e821ba-f5bf-4f60-9f40-0e1a7661326b\": dial tcp 127.0.0.1:5000: connectex: No connection could be made because the target machine actively refused it."
WARN[0002] Request Failed                                error="Get \"http://localhost:5000/api/v1/redirect/85e821ba-f5bf-4f60-9f40-0e1a7661326b\": dial tcp 127.0.0.1:5000: connectex: No connection could be made because the target machine actively refused it."
WARN[0002] Request Failed                                error="Get \"http://localhost:5000/api/v1/redirect/85e821ba-f5bf-4f60-9f40-0e1a7661326b\": dial tcp 127.0.0.1:5000: connectex: No connection could be made because the target machine actively refused it."
WARN[0002] Request Failed                                error="Get \"http://localhost:5000/api/v1/redirect/85e821ba-f5bf-4f60-9f40-0e1a7661326b\": dial tcp 127.0.0.1:5000: connectex: No connection could be made because the target machine actively refused it."
WARN[0002] Request Failed                                error="Get \"http://localhost:5000/api/v1/redirect/85e821ba-f5bf-4f60-9f40-0e1a7661326b\": dial tcp 127.0.0.1:5000: connectex: No connection could be made because the target machine actively refused it."
WARN[0002] Request Failed                                error="Get \"http://localhost:5000/api/v1/redirect/85e821ba-f5bf-4f60-9f40-0e1a7661326b\": dial tcp 127.0.0.1:5000: connectex: No connection could be made because the target machine actively refused it."
WARN[0002] Request Failed                                error="Get \"http://localhost:5000/api/v1/redirect/85e821ba-f5bf-4f60-9f40-0e1a7661326b\": dial tcp 127.0.0.1:5000: connectex: No connection could be made because the target machine actively refused it."
WARN[0002] Request Failed                                error="Get \"http://localhost:5000/api/v1/redirect/85e821ba-f5bf-4f60-9f40-0e1a7661326b\": dial tcp 127.0.0.1:5000: connectex: No connection could be made because the target machine actively refused it."
WARN[0002] Request Failed                                error="Get \"http://localhost:5000/api/v1/redirect/85e821ba-f5bf-4f60-9f40-0e1a7661326b\": dial tcp 127.0.0.1:5000: connectex: No connection could be made because the target machine actively refused it."
WARN[0002] Request Failed                                error="Get \"http://localhost:5000/api/v1/redirect/85e821ba-f5bf-4f60-9f40-0e1a7661326b\": dial tcp 127.0.0.1:5000: connectex: No connection could be made because the target machine actively refused it."
WARN[0002] Request Failed                                error="Get \"http://localhost:5000/api/v1/redirect/85e821ba-f5bf-4f60-9f40-0e1a7661326b\": dial tcp 127.0.0.1:5000: connectex: No connection could be made because the target machine actively refused it."
WARN[0002] Request Failed                                error="Get \"http://localhost:5000/api/v1/redirect/85e821ba-f5bf-4f60-9f40-0e1a7661326b\": dial tcp 127.0.0.1:5000: connectex: No connection could be made because the target machine actively refused it."
WARN[0002] Request Failed                                error="Get \"http://localhost:5000/api/v1/redirect/85e821ba-f5bf-4f60-9f40-0e1a7661326b\": dial tcp 127.0.0.1:5000: connectex: No connection could be made because the target machine actively refused it."
WARN[0002] Request Failed                                error="Get \"http://localhost:5000/api/v1/redirect/85e821ba-f5bf-4f60-9f40-0e1a7661326b\": dial tcp 127.0.0.1:5000: connectex: No connection could be made because the target machine actively refused it."
WARN[0002] Request Failed                                error="Get \"http://localhost:5000/api/v1/redirect/85e821ba-f5bf-4f60-9f40-0e1a7661326b\": dial tcp 127.0.0.1:5000: connectex: No connection could be made because the target machine actively refused it."
WARN[0002] Request Failed                                error="Get \"http://localhost:5000/api/v1/redirect/85e821ba-f5bf-4f60-9f40-0e1a7661326b\": dial tcp 127.0.0.1:5000: connectex: No connection could be made because the target machine actively refused it."
WARN[0002] Request Failed                                error="Get \"http://localhost:5000/api/v1/redirect/85e821ba-f5bf-4f60-9f40-0e1a7661326b\": dial tcp 127.0.0.1:5000: connectex: No connection could be made because the target machine actively refused it."
WARN[0002] Request Failed                                error="Get \"http://localhost:5000/api/v1/redirect/85e821ba-f5bf-4f60-9f40-0e1a7661326b\": dial tcp 127.0.0.1:5000: connectex: No connection could be made because the target machine actively refused it."
WARN[0002] Request Failed                                error="Get \"http://localhost:5000/api/v1/redirect/85e821ba-f5bf-4f60-9f40-0e1a7661326b\": dial tcp 127.0.0.1:5000: connectex: No connection could be made because the target machine actively refused it."
WARN[0002] Request Failed                                error="Get \"http://localhost:5000/api/v1/redirect/85e821ba-f5bf-4f60-9f40-0e1a7661326b\": dial tcp 127.0.0.1:5000: connectex: No connection could be made because the target machine actively refused it."
WARN[0002] Request Failed                                error="Get \"http://localhost:5000/api/v1/redirect/85e821ba-f5bf-4f60-9f40-0e1a7661326b\": dial tcp 127.0.0.1:5000: connectex: No connection could be made because the target machine actively refused it."
WARN[0002] Request Failed                                error="Get \"http://localhost:5000/api/v1/redirect/85e821ba-f5bf-4f60-9f40-0e1a7661326b\": dial tcp 127.0.0.1:5000: connectex: No connection could be made because the target machine actively refused it."
WARN[0002] Request Failed                                error="Get \"http://localhost:5000/api/v1/redirect/85e821ba-f5bf-4f60-9f40-0e1a7661326b\": dial tcp 127.0.0.1:5000: connectex: No connection could be made because the target machine actively refused it."
WARN[0002] Request Failed                                error="Get \"http://localhost:5000/api/v1/redirect/85e821ba-f5bf-4f60-9f40-0e1a7661326b\": dial tcp 127.0.0.1:5000: connectex: No connection could be made because the target machine actively refused it."
WARN[0002] Request Failed                                error="Get \"http://localhost:5000/api/v1/redirect/85e821ba-f5bf-4f60-9f40-0e1a7661326b\": dial tcp 127.0.0.1:5000: connectex: No connection could be made because the target machine actively refused it."
WARN[0002] Request Failed                                error="Get \"http://localhost:5000/api/v1/redirect/85e821ba-f5bf-4f60-9f40-0e1a7661326b\": dial tcp 127.0.0.1:5000: connectex: No connection could be made because the target machine actively refused it."
WARN[0002] Request Failed                                error="Get \"http://localhost:5000/api/v1/redirect/85e821ba-f5bf-4f60-9f40-0e1a7661326b\": dial tcp 127.0.0.1:5000: connectex: No connection could be made because the target machine actively refused it."
WARN[0002] Request Failed                                error="Get \"http://localhost:5000/api/v1/redirect/85e821ba-f5bf-4f60-9f40-0e1a7661326b\": dial tcp 127.0.0.1:5000: connectex: No connection could be made because the target machine actively refused it."
WARN[0002] Request Failed                                error="Get \"http://localhost:5000/api/v1/redirect/85e821ba-f5bf-4f60-9f40-0e1a7661326b\": dial tcp 127.0.0.1:5000: connectex: No connection could be made because the target machine actively refused it."
WARN[0002] Request Failed                                error="Get \"http://localhost:5000/api/v1/redirect/85e821ba-f5bf-4f60-9f40-0e1a7661326b\": dial tcp 127.0.0.1:5000: connectex: No connection could be made because the target machine actively refused it."
WARN[0002] Request Failed                                error="Get \"http://localhost:5000/api/v1/redirect/85e821ba-f5bf-4f60-9f40-0e1a7661326b\": dial tcp 127.0.0.1:5000: connectex: No connection could be made because the target machine actively refused it."
WARN[0002] Request Failed                                error="Get \"http://localhost:5000/api/v1/redirect/85e821ba-f5bf-4f60-9f40-0e1a7661326b\": dial tcp 127.0.0.1:5000: connectex: No connection could be made because the target machine actively refused it."
WARN[0002] Request Failed                                error="Get \"http://localhost:5000/api/v1/redirect/85e821ba-f5bf-4f60-9f40-0e1a7661326b\": dial tcp 127.0.0.1:5000: connectex: No connection could be made because the target machine actively refused it."
WARN[0002] Request Failed                                error="Get \"http://localhost:5000/api/v1/redirect/85e821ba-f5bf-4f60-9f40-0e1a7661326b\": dial tcp 127.0.0.1:5000: connectex: No connection could be made because the target machine actively refused it."
WARN[0002] Request Failed                                error="Get \"http://localhost:5000/api/v1/redirect/85e821ba-f5bf-4f60-9f40-0e1a7661326b\": dial tcp 127.0.0.1:5000: connectex: No connection could be made because the target machine actively refused it."
WARN[0002] Request Failed                                error="Get \"http://localhost:5000/api/v1/redirect/85e821ba-f5bf-4f60-9f40-0e1a7661326b\": dial tcp 127.0.0.1:5000: connectex: No connection could be made because the target machine actively refused it."
WARN[0002] Request Failed                                error="Get \"http://localhost:5000/api/v1/redirect/85e821ba-f5bf-4f60-9f40-0e1a7661326b\": dial tcp 127.0.0.1:5000: connectex: No connection could be made because the target machine actively refused it."
WARN[0002] Request Failed                                error="Get \"http://localhost:5000/api/v1/redirect/85e821ba-f5bf-4f60-9f40-0e1a7661326b\": dial tcp 127.0.0.1:5000: connectex: No connection could be made because the target machine actively refused it."
WARN[0002] Request Failed                                error="Get \"http://localhost:5000/api/v1/redirect/85e821ba-f5bf-4f60-9f40-0e1a7661326b\": dial tcp 127.0.0.1:5000: connectex: No connection could be made because the target machine actively refused it."
WARN[0002] Request Failed                                error="Get \"http://localhost:5000/api/v1/redirect/85e821ba-f5bf-4f60-9f40-0e1a7661326b\": dial tcp 127.0.0.1:5000: connectex: No connection could be made because the target machine actively refused it."
WARN[0002] Request Failed                                error="Get \"http://localhost:5000/api/v1/redirect/85e821ba-f5bf-4f60-9f40-0e1a7661326b\": dial tcp 127.0.0.1:5000: connectex: No connection could be made because the target machine actively refused it."
WARN[0002] Request Failed                                error="Get \"http://localhost:5000/api/v1/redirect/85e821ba-f5bf-4f60-9f40-0e1a7661326b\": dial tcp 127.0.0.1:5000: connectex: No connection could be made because the target machine actively refused it."
WARN[0002] Request Failed                                error="Get \"http://localhost:5000/api/v1/redirect/85e821ba-f5bf-4f60-9f40-0e1a7661326b\": dial tcp 127.0.0.1:5000: connectex: No connection could be made because the target machine actively refused it."
WARN[0002] Request Failed                                error="Get \"http://localhost:5000/api/v1/redirect/85e821ba-f5bf-4f60-9f40-0e1a7661326b\": dial tcp 127.0.0.1:5000: connectex: No connection could be made because the target machine actively refused it."
WARN[0002] Request Failed                                error="Get \"http://localhost:5000/api/v1/redirect/85e821ba-f5bf-4f60-9f40-0e1a7661326b\": dial tcp 127.0.0.1:5000: connectex: No connection could be made because the target machine actively refused it."
WARN[0002] Request Failed                                error="Get \"http://localhost:5000/api/v1/redirect/85e821ba-f5bf-4f60-9f40-0e1a7661326b\": dial tcp 127.0.0.1:5000: connectex: No connection could be made because the target machine actively refused it."
WARN[0002] Request Failed                                error="Get \"http://localhost:5000/api/v1/redirect/85e821ba-f5bf-4f60-9f40-0e1a7661326b\": dial tcp 127.0.0.1:5000: connectex: No connection could be made because the target machine actively refused it."
WARN[0002] Request Failed                                error="Get \"http://localhost:5000/api/v1/redirect/85e821ba-f5bf-4f60-9f40-0e1a7661326b\": dial tcp 127.0.0.1:5000: connectex: No connection could be made because the target machine actively refused it."
WARN[0002] Request Failed                                error="Get \"http://localhost:5000/api/v1/redirect/85e821ba-f5bf-4f60-9f40-0e1a7661326b\": dial tcp 127.0.0.1:5000: connectex: No connection could be made because the target machine actively refused it."
WARN[0002] Request Failed                                error="Get \"http://localhost:5000/api/v1/redirect/85e821ba-f5bf-4f60-9f40-0e1a7661326b\": dial tcp 127.0.0.1:5000: connectex: No connection could be made because the target machine actively refused it."
WARN[0002] Request Failed                                error="Get \"http://localhost:5000/api/v1/redirect/85e821ba-f5bf-4f60-9f40-0e1a7661326b\": dial tcp 127.0.0.1:5000: connectex: No connection could be made because the target machine actively refused it."
WARN[0002] Request Failed                                error="Get \"http://localhost:5000/api/v1/redirect/85e821ba-f5bf-4f60-9f40-0e1a7661326b\": dial tcp 127.0.0.1:5000: connectex: No connection could be made because the target machine actively refused it."
WARN[0002] Request Failed                                error="Get \"http://localhost:5000/api/v1/redirect/85e821ba-f5bf-4f60-9f40-0e1a7661326b\": dial tcp 127.0.0.1:5000: connectex: No connection could be made because the target machine actively refused it."
WARN[0002] Request Failed                                error="Get \"http://localhost:5000/api/v1/redirect/85e821ba-f5bf-4f60-9f40-0e1a7661326b\": dial tcp 127.0.0.1:5000: connectex: No connection could be made because the target machine actively refused it."
WARN[0002] Request Failed                                error="Get \"http://localhost:5000/api/v1/redirect/85e821ba-f5bf-4f60-9f40-0e1a7661326b\": dial tcp 127.0.0.1:5000: connectex: No connection could be made because the target machine actively refused it."
WARN[0002] Request Failed                                error="Get \"http://localhost:5000/api/v1/redirect/85e821ba-f5bf-4f60-9f40-0e1a7661326b\": dial tcp 127.0.0.1:5000: connectex: No connection could be made because the target machine actively refused it."
WARN[0002] Request Failed                                error="Get \"http://localhost:5000/api/v1/redirect/85e821ba-f5bf-4f60-9f40-0e1a7661326b\": dial tcp 127.0.0.1:5000: connectex: No connection could be made because the target machine actively refused it."
WARN[0002] Request Failed                                error="Get \"http://localhost:5000/api/v1/redirect/85e821ba-f5bf-4f60-9f40-0e1a7661326b\": dial tcp 127.0.0.1:5000: connectex: No connection could be made because the target machine actively refused it."
WARN[0002] Request Failed                                error="Get \"http://localhost:5000/api/v1/redirect/85e821ba-f5bf-4f60-9f40-0e1a7661326b\": dial tcp 127.0.0.1:5000: connectex: No connection could be made because the target machine actively refused it."
WARN[0002] Request Failed                                error="Get \"http://localhost:5000/api/v1/redirect/85e821ba-f5bf-4f60-9f40-0e1a7661326b\": dial tcp 127.0.0.1:5000: connectex: No connection could be made because the target machine actively refused it."
WARN[0002] Request Failed                                error="Get \"http://localhost:5000/api/v1/redirect/85e821ba-f5bf-4f60-9f40-0e1a7661326b\": dial tcp 127.0.0.1:5000: connectex: No connection could be made because the target machine actively refused it."
WARN[0002] Request Failed                                error="Get \"http://localhost:5000/api/v1/redirect/85e821ba-f5bf-4f60-9f40-0e1a7661326b\": dial tcp 127.0.0.1:5000: connectex: No connection could be made because the target machine actively refused it."
WARN[0002] Request Failed                                error="Get \"http://localhost:5000/api/v1/redirect/85e821ba-f5bf-4f60-9f40-0e1a7661326b\": dial tcp 127.0.0.1:5000: connectex: No connection could be made because the target machine actively refused it."
WARN[0002] Request Failed                                error="Get \"http://localhost:5000/api/v1/redirect/85e821ba-f5bf-4f60-9f40-0e1a7661326b\": dial tcp 127.0.0.1:5000: connectex: No connection could be made because the target machine actively refused it."
WARN[0002] Request Failed                                error="Get \"http://localhost:5000/api/v1/redirect/85e821ba-f5bf-4f60-9f40-0e1a7661326b\": dial tcp 127.0.0.1:5000: connectex: No connection could be made because the target machine actively refused it."
WARN[0002] Request Failed                                error="Get \"http://localhost:5000/api/v1/redirect/85e821ba-f5bf-4f60-9f40-0e1a7661326b\": dial tcp 127.0.0.1:5000: connectex: No connection could be made because the target machine actively refused it."
WARN[0002] Request Failed                                error="Get \"http://localhost:5000/api/v1/redirect/85e821ba-f5bf-4f60-9f40-0e1a7661326b\": dial tcp 127.0.0.1:5000: connectex: No connection could be made because the target machine actively refused it."
WARN[0002] Request Failed                                error="Get \"http://localhost:5000/api/v1/redirect/85e821ba-f5bf-4f60-9f40-0e1a7661326b\": dial tcp 127.0.0.1:5000: connectex: No connection could be made because the target machine actively refused it."
WARN[0002] Request Failed                                error="Get \"http://localhost:5000/api/v1/redirect/85e821ba-f5bf-4f60-9f40-0e1a7661326b\": dial tcp 127.0.0.1:5000: connectex: No connection could be made because the target machine actively refused it."
WARN[0002] Request Failed                                error="Get \"http://localhost:5000/api/v1/redirect/85e821ba-f5bf-4f60-9f40-0e1a7661326b\": dial tcp 127.0.0.1:5000: connectex: No connection could be made because the target machine actively refused it."
WARN[0002] Request Failed                                error="Get \"http://localhost:5000/api/v1/redirect/85e821ba-f5bf-4f60-9f40-0e1a7661326b\": dial tcp 127.0.0.1:5000: connectex: No connection could be made because the target machine actively refused it."
WARN[0002] Request Failed                                error="Get \"http://localhost:5000/api/v1/redirect/85e821ba-f5bf-4f60-9f40-0e1a7661326b\": dial tcp 127.0.0.1:5000: connectex: No connection could be made because the target machine actively refused it."
WARN[0002] Request Failed                                error="Get \"http://localhost:5000/api/v1/redirect/85e821ba-f5bf-4f60-9f40-0e1a7661326b\": dial tcp 127.0.0.1:5000: connectex: No connection could be made because the target machine actively refused it."
WARN[0002] Request Failed                                error="Get \"http://localhost:5000/api/v1/redirect/85e821ba-f5bf-4f60-9f40-0e1a7661326b\": dial tcp 127.0.0.1:5000: connectex: No connection could be made because the target machine actively refused it."
WARN[0002] Request Failed                                error="Get \"http://localhost:5000/api/v1/redirect/85e821ba-f5bf-4f60-9f40-0e1a7661326b\": dial tcp 127.0.0.1:5000: connectex: No connection could be made because the target machine actively refused it."
WARN[0002] Request Failed                                error="Get \"http://localhost:5000/api/v1/redirect/85e821ba-f5bf-4f60-9f40-0e1a7661326b\": dial tcp 127.0.0.1:5000: connectex: No connection could be made because the target machine actively refused it."
WARN[0002] Request Failed                                error="Get \"http://localhost:5000/api/v1/redirect/85e821ba-f5bf-4f60-9f40-0e1a7661326b\": dial tcp 127.0.0.1:5000: connectex: No connection could be made because the target machine actively refused it."
WARN[0002] Request Failed                                error="Get \"http://localhost:5000/api/v1/redirect/85e821ba-f5bf-4f60-9f40-0e1a7661326b\": dial tcp 127.0.0.1:5000: connectex: No connection could be made because the target machine actively refused it."
WARN[0002] Request Failed                                error="Get \"http://localhost:5000/api/v1/redirect/85e821ba-f5bf-4f60-9f40-0e1a7661326b\": dial tcp 127.0.0.1:5000: connectex: No connection could be made because the target machine actively refused it."
WARN[0002] Request Failed                                error="Get \"http://localhost:5000/api/v1/redirect/85e821ba-f5bf-4f60-9f40-0e1a7661326b\": dial tcp 127.0.0.1:5000: connectex: No connection could be made because the target machine actively refused it."
WARN[0002] Request Failed                                error="Get \"http://localhost:5000/api/v1/redirect/85e821ba-f5bf-4f60-9f40-0e1a7661326b\": dial tcp 127.0.0.1:5000: connectex: No connection could be made because the target machine actively refused it."
WARN[0002] Request Failed                                error="Get \"http://localhost:5000/api/v1/redirect/85e821ba-f5bf-4f60-9f40-0e1a7661326b\": dial tcp 127.0.0.1:5000: connectex: No connection could be made because the target machine actively refused it."


  █ TOTAL RESULTS 

    checks_total.......: 140565 4672.539621/s
    checks_succeeded...: 0.07%  100 out of 140565
    checks_failed......: 99.92% 140465 out of 140565

    ✗ is redirect
      ↳  0% — ✓ 100 / ✗ 140465

    HTTP
    http_req_duration..............: avg=104.71ms min=0s      med=90.52ms max=5.57s p(90)=122.98ms p(95)=142.28ms
      { expected_response:true }...: avg=4.9s     min=4.11s   med=4.91s   max=5.57s p(90)=5.45s    p(95)=5.5s    
    http_req_failed................: 99.92% 140465 out of 140565
    http_reqs......................: 140565 4672.539621/s

    EXECUTION
    iteration_duration.............: avg=106.8ms  min=612.7µs med=90.86ms max=5.61s p(90)=124.56ms p(95)=144.34ms
    iterations.....................: 140565 4672.539621/s
    vus............................: 500    min=500              max=500
    vus_max........................: 500    min=500              max=500

    NETWORK
    data_received..................: 59 MB  2.0 MB/s
    data_sent......................: 17 MB  559 kB/s




running (0m30.1s), 000/500 VUs, 140565 complete and 0 interrupted iterations
redirect_spike ✓ [======================================] 500 VUs  30s